Component: ARM Compiler 5.06 update 5 (build 528) Tool: armlink [4d35e2]

==============================================================================

Section Cross References

    startup_stm32f10x_md.o(STACK) refers (Special) to heapauxi.o(.text) for __use_two_region_memory
    startup_stm32f10x_md.o(HEAP) refers (Special) to heapauxi.o(.text) for __use_two_region_memory
    startup_stm32f10x_md.o(RESET) refers (Special) to heapauxi.o(.text) for __use_two_region_memory
    startup_stm32f10x_md.o(RESET) refers to startup_stm32f10x_md.o(STACK) for __initial_sp
    startup_stm32f10x_md.o(RESET) refers to startup_stm32f10x_md.o(.text) for Reset_Handler
    startup_stm32f10x_md.o(RESET) refers to stm32f10x_it.o(i.NMI_Handler) for NMI_Handler
    startup_stm32f10x_md.o(RESET) refers to stm32f10x_it.o(i.HardFault_Handler) for HardFault_Handler
    startup_stm32f10x_md.o(RESET) refers to stm32f10x_it.o(i.MemManage_Handler) for MemManage_Handler
    startup_stm32f10x_md.o(RESET) refers to stm32f10x_it.o(i.BusFault_Handler) for BusFault_Handler
    startup_stm32f10x_md.o(RESET) refers to stm32f10x_it.o(i.UsageFault_Handler) for UsageFault_Handler
    startup_stm32f10x_md.o(RESET) refers to stm32f10x_it.o(i.SVC_Handler) for SVC_Handler
    startup_stm32f10x_md.o(RESET) refers to stm32f10x_it.o(i.DebugMon_Handler) for DebugMon_Handler
    startup_stm32f10x_md.o(RESET) refers to stm32f10x_it.o(i.PendSV_Handler) for PendSV_Handler
    startup_stm32f10x_md.o(RESET) refers to stm32f10x_it.o(i.SysTick_Handler) for SysTick_Handler
    startup_stm32f10x_md.o(RESET) refers to usart.o(i.USART3_IRQHandler) for USART3_IRQHandler
    startup_stm32f10x_md.o(.text) refers (Special) to heapauxi.o(.text) for __use_two_region_memory
    startup_stm32f10x_md.o(.text) refers to system_stm32f10x.o(i.SystemInit) for SystemInit
    startup_stm32f10x_md.o(.text) refers to __main.o(!!!main) for __main
    startup_stm32f10x_md.o(.text) refers to startup_stm32f10x_md.o(HEAP) for Heap_Mem
    startup_stm32f10x_md.o(.text) refers to startup_stm32f10x_md.o(STACK) for Stack_Mem
    system_stm32f10x.o(i.SetSysClock) refers to system_stm32f10x.o(i.SetSysClockTo72) for SetSysClockTo72
    system_stm32f10x.o(i.SystemCoreClockUpdate) refers to system_stm32f10x.o(.data) for SystemCoreClock
    system_stm32f10x.o(i.SystemInit) refers to system_stm32f10x.o(i.SetSysClock) for SetSysClock
    stm32f10x_adc.o(i.ADC_DeInit) refers to stm32f10x_rcc.o(i.RCC_APB2PeriphResetCmd) for RCC_APB2PeriphResetCmd
    stm32f10x_bkp.o(i.BKP_DeInit) refers to stm32f10x_rcc.o(i.RCC_BackupResetCmd) for RCC_BackupResetCmd
    stm32f10x_can.o(i.CAN_DeInit) refers to stm32f10x_rcc.o(i.RCC_APB1PeriphResetCmd) for RCC_APB1PeriphResetCmd
    stm32f10x_can.o(i.CAN_GetITStatus) refers to stm32f10x_can.o(i.CheckITStatus) for CheckITStatus
    stm32f10x_cec.o(i.CEC_DeInit) refers to stm32f10x_rcc.o(i.RCC_APB1PeriphResetCmd) for RCC_APB1PeriphResetCmd
    stm32f10x_dac.o(i.DAC_DeInit) refers to stm32f10x_rcc.o(i.RCC_APB1PeriphResetCmd) for RCC_APB1PeriphResetCmd
    stm32f10x_flash.o(i.FLASH_EnableWriteProtection) refers to stm32f10x_flash.o(i.FLASH_WaitForLastOperation) for FLASH_WaitForLastOperation
    stm32f10x_flash.o(i.FLASH_EraseAllBank1Pages) refers to stm32f10x_flash.o(i.FLASH_WaitForLastBank1Operation) for FLASH_WaitForLastBank1Operation
    stm32f10x_flash.o(i.FLASH_EraseAllPages) refers to stm32f10x_flash.o(i.FLASH_WaitForLastOperation) for FLASH_WaitForLastOperation
    stm32f10x_flash.o(i.FLASH_EraseOptionBytes) refers to stm32f10x_flash.o(i.FLASH_GetReadOutProtectionStatus) for FLASH_GetReadOutProtectionStatus
    stm32f10x_flash.o(i.FLASH_EraseOptionBytes) refers to stm32f10x_flash.o(i.FLASH_WaitForLastOperation) for FLASH_WaitForLastOperation
    stm32f10x_flash.o(i.FLASH_ErasePage) refers to stm32f10x_flash.o(i.FLASH_WaitForLastOperation) for FLASH_WaitForLastOperation
    stm32f10x_flash.o(i.FLASH_ProgramHalfWord) refers to stm32f10x_flash.o(i.FLASH_WaitForLastOperation) for FLASH_WaitForLastOperation
    stm32f10x_flash.o(i.FLASH_ProgramOptionByteData) refers to stm32f10x_flash.o(i.FLASH_WaitForLastOperation) for FLASH_WaitForLastOperation
    stm32f10x_flash.o(i.FLASH_ProgramWord) refers to stm32f10x_flash.o(i.FLASH_WaitForLastOperation) for FLASH_WaitForLastOperation
    stm32f10x_flash.o(i.FLASH_ReadOutProtection) refers to stm32f10x_flash.o(i.FLASH_WaitForLastOperation) for FLASH_WaitForLastOperation
    stm32f10x_flash.o(i.FLASH_UserOptionByteConfig) refers to stm32f10x_flash.o(i.FLASH_WaitForLastOperation) for FLASH_WaitForLastOperation
    stm32f10x_flash.o(i.FLASH_WaitForLastBank1Operation) refers to stm32f10x_flash.o(i.FLASH_GetBank1Status) for FLASH_GetBank1Status
    stm32f10x_flash.o(i.FLASH_WaitForLastOperation) refers to stm32f10x_flash.o(i.FLASH_GetBank1Status) for FLASH_GetBank1Status
    stm32f10x_gpio.o(i.GPIO_AFIODeInit) refers to stm32f10x_rcc.o(i.RCC_APB2PeriphResetCmd) for RCC_APB2PeriphResetCmd
[...]
    i.USART_SendData                         0x08004bbe   Section        0  stm32f10x_usart.o(i.USART_SendData)
    i.UsageFault_Handler                     0x08004bc6   Section        0  stm32f10x_it.o(i.UsageFault_Handler)
    i.WakeupMode                             0x08004bcc   Section        0  wakeupmode.o(i.WakeupMode)
    i.WettingRelay_Auto_OFF                  0x08004c60   Section        0  control.o(i.WettingRelay_Auto_OFF)
    i.WettingRelay_Auto_ON                   0x08004cc8   Section        0  control.o(i.WettingRelay_Auto_ON)
    i.WettingRelay_Init                      0x08004d2c   Section        0  control.o(i.WettingRelay_Init)
    i.WettingRelay_Manual_OFF                0x08004d60   Section        0  control.o(i.WettingRelay_Manual_OFF)
    i.WettingRelay_Manual_ON                 0x08004dc0   Section        0  control.o(i.WettingRelay_Manual_ON)
    i.YH_LDR_Get_LUX_Value                   0x08004e20   Section        0  yh-ldr.o(i.YH_LDR_Get_LUX_Value)
    i.__ARM_fpclassify                       0x08004ec0   Section        0  fpclassify.o(i.__ARM_fpclassify)
    i.__kernel_poly                          0x08004ee8   Section        0  poly.o(i.__kernel_poly)
    i.__mathlib_dbl_divzero                  0x08004f94   Section        0  dunder.o(i.__mathlib_dbl_divzero)
    i.__mathlib_dbl_infnan2                  0x08004fa4   Section        0  dunder.o(i.__mathlib_dbl_infnan2)
    i.__mathlib_dbl_invalid                  0x08004fa8   Section        0  dunder.o(i.__mathlib_dbl_invalid)
    i.__mathlib_dbl_overflow                 0x08004fb4   Section        0  dunder.o(i.__mathlib_dbl_overflow)
    i.__mathlib_dbl_underflow                0x08004fc4   Section        0  dunder.o(i.__mathlib_dbl_underflow)
    i.main                                   0x08004fd4   Section        0  main.o(i.main)
    i.pow                                    0x080050b4   Section        0  pow.o(i.pow)
    i.sqrt                                   0x08005a8c   Section        0  sqrt.o(i.sqrt)
    x$fpl$d2f                                0x08005ad8   Section       98  d2f.o(x$fpl$d2f)
    x$fpl$dadd                               0x08005b3c   Section      336  daddsub_clz.o(x$fpl$dadd)
    _dadd1                                   0x08005b4d   Thumb Code     0  daddsub_clz.o(x$fpl$dadd)
    x$fpl$dcheck1                            0x08005c8c   Section       16  dcheck1.o(x$fpl$dcheck1)
    x$fpl$dcmpinf                            0x08005c9c   Section       24  dcmpi.o(x$fpl$dcmpinf)
    x$fpl$ddiv                               0x08005cb4   Section      688  ddiv.o(x$fpl$ddiv)
    ddiv_entry                               0x08005cbb   Thumb Code     0  ddiv.o(x$fpl$ddiv)
    x$fpl$dfixu                              0x08005f64   Section       90  dfixu.o(x$fpl$dfixu)
    x$fpl$dflt                               0x08005fbe   Section       46  dflt_clz.o(x$fpl$dflt)
    x$fpl$dfltu                              0x08005fec   Section       38  dflt_clz.o(x$fpl$dfltu)
    x$fpl$dleqf                              0x08006014   Section      120  dleqf.o(x$fpl$dleqf)
    x$fpl$dmul                               0x0800608c   Section      340  dmul.o(x$fpl$dmul)
    x$fpl$dnaninf                            0x080061e0   Section      156  dnaninf.o(x$fpl$dnaninf)
    x$fpl$dretinf                            0x0800627c   Section       12  dretinf.o(x$fpl$dretinf)
    x$fpl$drleqf                             0x08006288   Section      108  drleqf.o(x$fpl$drleqf)
    x$fpl$drsb                               0x080062f4   Section       22  daddsub_clz.o(x$fpl$drsb)
    x$fpl$dsqrt                              0x0800630c   Section      460  dsqrt_noumaal.o(x$fpl$dsqrt)
    x$fpl$dsub                               0x080064d8   Section      468  daddsub_clz.o(x$fpl$dsub)
    _dsub1                                   0x080064e9   Thumb Code     0  daddsub_clz.o(x$fpl$dsub)
    x$fpl$f2d                                0x080066ac   Section       86  f2d.o(x$fpl$f2d)
    x$fpl$fadd                               0x08006704   Section      196  faddsub_clz.o(x$fpl$fadd)
    _fadd1                                   0x08006713   Thumb Code     0  faddsub_clz.o(x$fpl$fadd)
    x$fpl$fdiv                               0x080067c8   Section      388  fdiv.o(x$fpl$fdiv)
    _fdiv1                                   0x080067c9   Thumb Code     0  fdiv.o(x$fpl$fdiv)
    x$fpl$ffixu                              0x0800694c   Section       62  ffixu.o(x$fpl$ffixu)
    x$fpl$fmul                               0x0800698c   Section      258  fmul.o(x$fpl$fmul)
    x$fpl$fnaninf                            0x08006a8e   Section      140  fnaninf.o(x$fpl$fnaninf)
    x$fpl$fretinf                            0x08006b1a   Section       10  fretinf.o(x$fpl$fretinf)
    x$fpl$fsub                               0x08006b24   Section      234  faddsub_clz.o(x$fpl$fsub)
    _fsub1                                   0x08006b33   Thumb Code     0  faddsub_clz.o(x$fpl$fsub)
    x$fpl$retnan                             0x08006c0e   Section      100  retnan.o(x$fpl$retnan)
    x$fpl$scalbn                             0x08006c72   Section       92  scalbn.o(x$fpl$scalbn)
    x$fpl$trapveneer                         0x08006cce   Section       48  trapv.o(x$fpl$trapveneer)
    .constdata                               0x08006cfe   Section     1520  oled.o(.constdata)
    x$fpl$usenofp                            0x08006cfe   Section        0  usenofp.o(x$fpl$usenofp)
    .constdata                               0x080072ee   Section       92  main.o(.constdata)
    .constdata                               0x08007350   Section      136  pow.o(.constdata)
    bp                                       0x08007350   Data          16  pow.o(.constdata)
    dp_h                                     0x08007360   Data          16  pow.o(.constdata)
    dp_l                                     0x08007370   Data          16  pow.o(.constdata)
    L                                        0x08007380   Data          48  pow.o(.constdata)
    P                                        0x080073b0   Data          40  pow.o(.constdata)
    .constdata                               0x080073d8   Section        8  qnan.o(.constdata)
    .data                                    0x20000000   Section       20  stm32f10x_rcc.o(.data)
    APBAHBPrescTable                         0x20000000   Data          16  stm32f10x_rcc.o(.data)
    ADCPrescTable                            0x20000010   Data           4  stm32f10x_rcc.o(.data)
    .data                                    0x20000014   Section        1  labview.o(.data)
    RecState                                 0x20000014   Data           1  labview.o(.data)
    .data                                    0x20000018   Section       60  main.o(.data)
    .bss                                     0x20000054   Section       96  libspace.o(.bss)
    HEAP                                     0x200000b8   Section      512  startup_stm32f10x_md.o(HEAP)
    Heap_Mem                                 0x200000b8   Data         512  startup_stm32f10x_md.o(HEAP)
    STACK                                    0x200002b8   Section     1024  startup_stm32f10x_md.o(STACK)
    Stack_Mem                                0x200002b8   Data        1024  startup_stm32f10x_md.o(STACK)
    __initial_sp                             0x200006b8   Data           0  startup_stm32f10x_md.o(STACK)

    Global Symbols

    Symbol Name                              Value     Ov Type        Size  Object(Section)

    BuildAttributes$$THM_ISAv4$P$D$K$B$S$PE$A:L22UL41UL21$X:L11$S22US41US21$IEEE1$IW$USESV6$~STKCKD$USESV7$~SHL$OTIME$ROPI$IEEEX$EBA8$UX$STANDARDLIB$REQ8$PRES8$EABIv2 0x00000000   Number         0  anon$$obj.o ABSOLUTE
    __ARM_use_no_argv                        0x00000000   Number         0  main.o ABSOLUTE
    _printf_flags                            0x00000000   Number         0  printf_stubs.o ABSOLUTE
    _printf_return_value                     0x00000000   Number         0  printf_stubs.o ABSOLUTE
    _printf_sizespec                         0x00000000   Number         0  printf_stubs.o ABSOLUTE
    _printf_widthprec                        0x00000000   Number         0  printf_stubs.o ABSOLUTE
    __ARM_exceptions_init                     - Undefined Weak Reference
    __alloca_initialize                       - Undefined Weak Reference
    __arm_preinit_                            - Undefined Weak Reference
    __cpp_initialize__aeabi_                  - Undefined Weak Reference
    __cxa_finalize                            - Undefined Weak Reference
    __sigvec_lookup                           - Undefined Weak Reference
    _atexit_init                              - Undefined Weak Reference
    _call_atexit_fns                          - Undefined Weak Reference
    _clock_init                               - Undefined Weak Reference
    _fp_trap_init                             - Undefined Weak Reference
    _fp_trap_shutdown                         - Undefined Weak Reference
    _get_lc_collate                           - Undefined Weak Reference
    _get_lc_monetary                          - Undefined Weak Reference
    _get_lc_time                              - Undefined Weak Reference
    _getenv_init                              - Undefined Weak Reference
    _handle_redirection                       - Undefined Weak Reference
    _init_alloc                               - Undefined Weak Reference
    _init_user_alloc                          - Undefined Weak Reference
    _initio                                   - Undefined Weak Reference
    _printf_mbtowc                            - Undefined Weak Reference
    _printf_wc                                - Undefined Weak Reference
    _rand_init                                - Undefined Weak Reference
    _signal_finish                            - Undefined Weak Reference
    _signal_init                              - Undefined Weak Reference
    _terminate_alloc                          - Undefined Weak Reference
    _terminate_user_alloc                     - Undefined Weak Reference
    _terminateio                              - Undefined Weak Reference
    __Vectors_Size                           0x000000ec   Number         0  startup_stm32f10x_md.o ABSOLUTE
    __Vectors                                0x08000000   Data           4  startup_stm32f10x_md.o(RESET)
    __Vectors_End                            0x080000ec   Data           0  startup_stm32f10x_md.o(RESET)
    __main                                   0x080000ed   Thumb Code     8  __main.o(!!!main)
    __scatterload                            0x080000f5   Thumb Code     0  __scatter.o(!!!scatter)
    __scatterload_rt2                        0x080000f5   Thumb Code    44  __scatter.o(!!!scatter)
    __scatterload_rt2_thumb_only             0x080000f5   Thumb Code     0  __scatter.o(!!!scatter)
    __scatterload_null                       0x08000103   Thumb Code     0  __scatter.o(!!!scatter)
    __scatterload_copy                       0x08000129   Thumb Code    26  __scatter_copy.o(!!handler_copy)
    __scatterload_zeroinit                   0x08000145   Thumb Code    28  __scatter_zi.o(!!handler_zi)
    __rt_lib_init                            0x08000161   Thumb Code     0  libinit.o(.ARM.Collect$$libinit$$00000000)
    __rt_lib_init_alloca_1                   0x08000163   Thumb Code     0  libinit2.o(.ARM.Collect$$libinit$$0000002E)
    __rt_lib_init_argv_1                     0x08000163   Thumb Code     0  libinit2.o(.ARM.Collect$$libinit$$0000002C)
    __rt_lib_init_atexit_1                   0x08000163   Thumb Code     0  libinit2.o(.ARM.Collect$$libinit$$0000001B)
    __rt_lib_init_clock_1                    0x08000163   Thumb Code     0  libinit2.o(.ARM.Collect$$libinit$$00000021)
    __rt_lib_init_cpp_1                      0x08000163   Thumb Code     0  libinit2.o(.ARM.Collect$$libinit$$00000032)
    __rt_lib_init_exceptions_1               0x08000163   Thumb Code     0  libinit2.o(.ARM.Collect$$libinit$$00000030)
    __rt_lib_init_fp_1                       0x08000163   Thumb Code     0  libinit2.o(.ARM.Collect$$libinit$$00000002)
    __rt_lib_init_fp_trap_1                  0x08000163   Thumb Code     0  libinit2.o(.ARM.Collect$$libinit$$0000001F)
    __rt_lib_init_getenv_1                   0x08000163   Thumb Code     0  libinit2.o(.ARM.Collect$$libinit$$00000023)
    __rt_lib_init_heap_1                     0x08000163   Thumb Code     0  libinit2.o(.ARM.Collect$$libinit$$0000000A)
    __rt_lib_init_lc_collate_1               0x08000163   Thumb Code     0  libinit2.o(.ARM.Collect$$libinit$$00000011)
    __rt_lib_init_lc_ctype_1                 0x08000163   Thumb Code     0  libinit2.o(.ARM.Collect$$libinit$$00000013)
    __rt_lib_init_lc_monetary_1              0x08000163   Thumb Code     0  libinit2.o(.ARM.Collect$$libinit$$00000015)
    __rt_lib_init_lc_numeric_1               0x08000163   Thumb Code     0  libinit2.o(.ARM.Collect$$libinit$$00000017)
    __rt_lib_init_lc_time_1                  0x08000163   Thumb Code     0  libinit2.o(.ARM.Collect$$libinit$$00000019)
    __rt_lib_init_preinit_1                  0x08000163   Thumb Code     0  libinit2.o(.ARM.Collect$$libinit$$00000004)
    __rt_lib_init_rand_1                     0x08000163   Thumb Code     0  libinit2.o(.ARM.Collect$$libinit$$0000000E)
    __rt_lib_init_return                     0x08000163   Thumb Code     0  libinit2.o(.ARM.Collect$$libinit$$00000033)
    __rt_lib_init_signal_1                   0x08000163   Thumb Code     0  libinit2.o(.ARM.Collect$$libinit$$0000001D)
    __rt_lib_init_stdio_1                    0x08000163   Thumb Code     0  libinit2.o(.ARM.Collect$$libinit$$00000025)
    __rt_lib_init_user_alloc_1               0x08000163   Thumb Code     0  libinit2.o(.ARM.Collect$$libinit$$0000000C)
    __rt_lib_shutdown                        0x08000165   Thumb Code     0  libshutdown.o(.ARM.Collect$$libshutdown$$00000000)
    __rt_lib_shutdown_cpp_1                  0x08000167   Thumb Code     0  libshutdown2.o(.ARM.Collect$$libshutdown$$00000002)
    __rt_lib_shutdown_fp_trap_1              0x08000167   Thumb Code     0  libshutdown2.o(.ARM.Collect$$libshutdown$$00000007)
    __rt_lib_shutdown_heap_1                 0x08000167   Thumb Code     0  libshutdown2.o(.ARM.Collect$$libshutdown$$0000000F)
    __rt_lib_shutdown_return                 0x08000167   Thumb Code     0  libshutdown2.o(.ARM.Collect$$libshutdown$$00000010)
    __rt_lib_shutdown_signal_1               0x08000167   Thumb Code     0  libshutdown2.o(.ARM.Collect$$libshutdown$$0000000A)
    __rt_lib_shutdown_stdio_1                0x08000167   Thumb Code     0  libshutdown2.o(.ARM.Collect$$libshutdown$$00000004)
    __rt_lib_shutdown_user_alloc_1           0x08000167   Thumb Code     0  libshutdown2.o(.ARM.Collect$$libshutdown$$0000000C)
    __rt_entry                               0x08000169   Thumb Code     0  __rtentry.o(.ARM.Collect$$rtentry$$00000000)
    __rt_entry_presh_1                       0x08000169   Thumb Code     0  __rtentry2.o(.ARM.Collect$$rtentry$$00000002)
    __rt_entry_sh                            0x08000169   Thumb Code     0  __rtentry4.o(.ARM.Collect$$rtentry$$00000004)
    __rt_entry_li                            0x0800016f   Thumb Code     0  __rtentry2.o(.ARM.Collect$$rtentry$$0000000A)
    __rt_entry_postsh_1                      0x0800016f   Thumb Code     0  __rtentry2.o(.ARM.Collect$$rtentry$$00000009)
    __rt_entry_main                          0x08000173   Thumb Code     0  __rtentry2.o(.ARM.Collect$$rtentry$$0000000D)
    __rt_entry_postli_1                      0x08000173   Thumb Code     0  __rtentry2.o(.ARM.Collect$$rtentry$$0000000C)
    __rt_exit                                0x0800017b   Thumb Code     0  rtexit.o(.ARM.Collect$$rtexit$$00000000)
    __rt_exit_ls                             0x0800017d   Thumb Code     0  rtexit2.o(.ARM.Collect$$rtexit$$00000003)
    __rt_exit_prels_1                        0x0800017d   Thumb Code     0  rtexit2.o(.ARM.Collect$$rtexit$$00000002)
    __rt_exit_exit                           0x08000181   Thumb Code     0  rtexit2.o(.ARM.Collect$$rtexit$$00000004)
    Reset_Handler                            0x08000189   Thumb Code     8  startup_stm32f10x_md.o(.text)
    ADC1_2_IRQHandler                        0x080001a3   Thumb Code     0  startup_stm32f10x_md.o(.text)
    CAN1_RX1_IRQHandler                      0x080001a3   Thumb Code     0  startup_stm32f10x_md.o(.text)
    CAN1_SCE_IRQHandler                      0x080001a3   Thumb Code     0  startup_stm32f10x_md.o(.text)
    DMA1_Channel1_IRQHandler                 0x080001a3   Thumb Code     0  startup_stm32f10x_md.o(.text)
    DMA1_Channel2_IRQHandler                 0x080001a3   Thumb Code     0  startup_stm32f10x_md.o(.text)
    DMA1_Channel3_IRQHandler                 0x080001a3   Thumb Code     0  startup_stm32f10x_md.o(.text)
    DMA1_Channel4_IRQHandler                 0x080001a3   Thumb Code     0  startup_stm32f10x_md.o(.text)
    DMA1_Channel5_IRQHandler                 0x080001a3   Thumb Code     0  startup_stm32f10x_md.o(.text)
    DMA1_Channel6_IRQHandler                 0x080001a3   Thumb Code     0  startup_stm32f10x_md.o(.text)
    DMA1_Channel7_IRQHandler                 0x080001a3   Thumb Code     0  startup_stm32f10x_md.o(.text)
    EXTI0_IRQHandler                         0x080001a3   Thumb Code     0  startup_stm32f10x_md.o(.text)
    EXTI15_10_IRQHandler                     0x080001a3   Thumb Code     0  startup_stm32f10x_md.o(.text)
    EXTI1_IRQHandler                         0x080001a3   Thumb Code     0  startup_stm32f10x_md.o(.text)
    EXTI2_IRQHandler                         0x080001a3   Thumb Code     0  startup_stm32f10x_md.o(.text)
    EXTI3_IRQHandler                         0x080001a3   Thumb Code     0  startup_stm32f10x_md.o(.text)
    EXTI4_IRQHandler                         0x080001a3   Thumb Code     0  startup_stm32f10x_md.o(.text)
    EXTI9_5_IRQHandler                       0x080001a3   Thumb Code     0  startup_stm32f10x_md.o(.text)
    FLASH_IRQHandler                         0x080001a3   Thumb Code     0  startup_stm32f10x_md.o(.text)
    I2C1_ER_IRQHandler                       0x080001a3   Thumb Code     0  startup_stm32f10x_md.o(.text)
    I2C1_EV_IRQHandler                       0x080001a3   Thumb Code     0  startup_stm32f10x_md.o(.text)
    I2C2_ER_IRQHandler                       0x080001a3   Thumb Code     0  startup_stm32f10x_md.o(.text)
    I2C2_EV_IRQHandler                       0x080001a3   Thumb Code     0  startup_stm32f10x_md.o(.text)
    PVD_IRQHandler                           0x080001a3   Thumb Code     0  startup_stm32f10x_md.o(.text)
    RCC_IRQHandler                           0x080001a3   Thumb Code     0  startup_stm32f10x_md.o(.text)
    RTCAlarm_IRQHandler                      0x080001a3   Thumb Code     0  startup_stm32f10x_md.o(.text)
    RTC_IRQHandler                           0x080001a3   Thumb Code     0  startup_stm32f10x_md.o(.text)
    SPI1_IRQHandler                          0x080001a3   Thumb Code     0  startup_stm32f10x_md.o(.text)
    SPI2_IRQHandler                          0x080001a3   Thumb Code     0  startup_stm32f10x_md.o(.text)
    TAMPER_IRQHandler                        0x080001a3   Thumb Code     0  startup_stm32f10x_md.o(.text)
    TIM1_BRK_IRQHandler                      0x080001a3   Thumb Code     0  startup_stm32f10x_md.o(.text)
    TIM1_CC_IRQHandler                       0x080001a3   Thumb Code     0  startup_stm32f10x_md.o(.text)
    TIM1_TRG_COM_IRQHandler                  0x080001a3   Thumb Code     0  startup_stm32f10x_md.o(.text)
    TIM1_UP_IRQHandler                       0x080001a3   Thumb Code     0  startup_stm32f10x_md.o(.text)
    TIM2_IRQHandler                          0x080001a3   Thumb Code     0  startup_stm32f10x_md.o(.text)
    TIM3_IRQHandler                          0x080001a3   Thumb Code     0  startup_stm32f10x_md.o(.text)
    TIM4_IRQHandler                          0x080001a3   Thumb Code     0  startup_stm32f10x_md.o(.text)
    USART1_IRQHandler                        0x080001a3   Thumb Code     0  startup_stm32f10x_md.o(.text)
    USART2_IRQHandler                        0x080001a3   Thumb Code     0  startup_stm32f10x_md.o(.text)
    USBWakeUp_IRQHandler                     0x080001a3   Thumb Code     0  startup_stm32f10x_md.o(.text)
    USB_HP_CAN1_TX_IRQHandler                0x080001a3   Thumb Code     0  startup_stm32f10x_md.o(.text)
    USB_LP_CAN1_RX0_IRQHandler               0x080001a3   Thumb Code     0  startup_stm32f10x_md.o(.text)
    WWDG_IRQHandler                          0x080001a3   Thumb Code     0  startup_stm32f10x_md.o(.text)
    __user_initial_stackheap                 0x080001a5   Thumb Code     0  startup_stm32f10x_md.o(.text)
    __use_two_region_memory                  0x080001c9   Thumb Code     2  heapauxi.o(.text)
    __rt_heap_escrow$2region                 0x080001cb   Thumb Code     2  heapauxi.o(.text)
    __rt_heap_expand$2region                 0x080001cd   Thumb Code     2  heapauxi.o(.text)
    __read_errno                             0x080001cf   Thumb Code    10  _rserrno.o(.text)
    __set_errno                              0x080001d9   Thumb Code    12  _rserrno.o(.text)
    __aeabi_errno_addr                       0x080001e5   Thumb Code     8  rt_errno_addr_intlibspace.o(.text)
    __errno$intlibspace                      0x080001e5   Thumb Code     0  rt_errno_addr_intlibspace.o(.text)
    __rt_errno_addr$intlibspace              0x080001e5   Thumb Code     0  rt_errno_addr_intlibspace.o(.text)
    __user_libspace                          0x080001ed   Thumb Code     8  libspace.o(.text)
    __user_perproc_libspace                  0x080001ed   Thumb Code     0  libspace.o(.text)
    __user_perthread_libspace                0x080001ed   Thumb Code     0  libspace.o(.text)
    __user_setup_stackheap                   0x080001f5   Thumb Code    74  sys_stackheap_outer.o(.text)
    exit                                     0x0800023f   Thumb Code    18  exit.o(.text)
    _sys_exit                                0x08000251   Thumb Code     8  sys_exit.o(.text)
    __I$use$semihosting                      0x0800025d   Thumb Code     0  use_no_semi.o(.text)
    __use_no_semihosting_swi                 0x0800025d   Thumb Code     2  use_no_semi.o(.text)
    ADC_Cmd                                  0x0800025f   Thumb Code    22  stm32f10x_adc.o(i.ADC_Cmd)
    __semihosting_library_function           0x0800025f   Thumb Code     0  indicate_semi.o(.text)
    ADC_GetCalibrationStatus                 0x08000275   Thumb Code    20  stm32f10x_adc.o(i.ADC_GetCalibrationStatus)
    ADC_GetConversionValue                   0x08000289   Thumb Code     8  stm32f10x_adc.o(i.ADC_GetConversionValue)
    ADC_GetFlagStatus                        0x08000291   Thumb Code    18  stm32f10x_adc.o(i.ADC_GetFlagStatus)
    ADC_GetResetCalibrationStatus            0x080002a3   Thumb Code    20  stm32f10x_adc.o(i.ADC_GetResetCalibrationStatus)
    ADC_Init                                 0x080002b9   Thumb Code    70  stm32f10x_adc.o(i.ADC_Init)
    ADC_RegularChannelConfig                 0x08000309   Thumb Code   184  stm32f10x_adc.o(i.ADC_RegularChannelConfig)
    ADC_ResetCalibration                     0x080003c1   Thumb Code    10  stm32f10x_adc.o(i.ADC_ResetCalibration)
    ADC_SoftwareStartConvCmd                 0x080003cb   Thumb Code    22  stm32f10x_adc.o(i.ADC_SoftwareStartConvCmd)
    ADC_StartCalibration                     0x080003e1   Thumb Code    10  stm32f10x_adc.o(i.ADC_StartCalibration)
    AD_GetValue                              0x080003ed   Thumb Code    46  ad.o(i.AD_GetValue)
    AD_Init                                  0x08000421   Thumb Code   146  ad.o(i.AD_Init)
    Alarm_Message                            0x080004bd   Thumb Code   326  alarmcircuit.o(i.Alarm_Message)
    All_LED_OFF                              0x08000745   Thumb Code    30  led.o(i.All_LED_OFF)
    All_LED_ON                               0x08000763   Thumb Code    30  led.o(i.All_LED_ON)
    Beep_Init                                0x08000781   Thumb Code    48  beep.o(i.Beep_Init)
    Beep_OFF                                 0x080007b5   Thumb Code    14  beep.o(i.Beep_OFF)
    Beep_ON                                  0x080007c9   Thumb Code    14  beep.o(i.Beep_ON)
    Beep_Turn                                0x080007dd   Thumb Code    28  beep.o(i.Beep_Turn)
    BusFault_Handler                         0x080007f9   Thumb Code     4  stm32f10x_it.o(i.BusFault_Handler)
    Curtain_Motor_Auto_OFF                   0x080007fd   Thumb Code   122  control.o(i.Curtain_Motor_Auto_OFF)
    Curtain_Motor_Auto_ON                    0x08000899   Thumb Code   116  control.o(i.Curtain_Motor_Auto_ON)
    Curtain_Motor_Manual_OFF                 0x0800092d   Thumb Code    44  control.o(i.Curtain_Motor_Manual_OFF)
    Curtain_Motor_Manual_OFF_Unconditional   0x0800096d   Thumb Code    64  control.o(i.Curtain_Motor_Manual_OFF_Unconditional)
    Curtain_Motor_Manual_ON                  0x080009b5   Thumb Code    46  control.o(i.Curtain_Motor_Manual_ON)
    Curtain_Motor_Manual_ON_Unconditional    0x080009f9   Thumb Code    62  control.o(i.Curtain_Motor_Manual_ON_Unconditional)
    DHT11_Check                              0x08000a41   Thumb Code    74  dht11.o(i.DHT11_Check)
    DHT11_IO_IN                              0x08000a91   Thumb Code    32  dht11.o(i.DHT11_IO_IN)
    DHT11_IO_OUT                             0x08000ab5   Thumb Code    38  dht11.o(i.DHT11_IO_OUT)
    DHT11_Init                               0x08000ae1   Thumb Code    54  dht11.o(i.DHT11_Init)
    DHT11_Read_Bit                           0x08000b1d   Thumb Code    70  dht11.o(i.DHT11_Read_Bit)
    DHT11_Read_Byte                          0x08000b69   Thumb Code    30  dht11.o(i.DHT11_Read_Byte)
    DHT11_Read_Data                          0x08000b87   Thumb Code   110  dht11.o(i.DHT11_Read_Data)
    DHT11_Reset                              0x08000bf5   Thumb Code    34  dht11.o(i.DHT11_Reset)
    DHT11_Show                               0x08000c21   Thumb Code    30  dht11.o(i.DHT11_Show)
    DebugMon_Handler                         0x08000c51   Thumb Code     2  stm32f10x_it.o(i.DebugMon_Handler)
    Delay_ms                                 0x08000c53   Thumb Code    24  delay.o(i.Delay_ms)
    Delay_s                                  0x08000c6b   Thumb Code    24  delay.o(i.Delay_s)
    Delay_us                                 0x08000c83   Thumb Code    46  delay.o(i.Delay_us)
    Fan_Motor_Auto_ON                        0x08000cb1   Thumb Code   142  control.o(i.Fan_Motor_Auto_ON)
    Fan_Motor_Manual_OFF                     0x08000d71   Thumb Code    44  control.o(i.Fan_Motor_Manual_OFF)
    Fan_Motor_Manual_OFF_Unconditional       0x08000db1   Thumb Code    26  control.o(i.Fan_Motor_Manual_OFF_Unconditional)
    Fan_Motor_Manual_ON                      0x08000dd5   Thumb Code    46  control.o(i.Fan_Motor_Manual_ON)
    Fan_Motor_Manual_ON_Unconditional        0x08000e19   Thumb Code    70  control.o(i.Fan_Motor_Manual_ON_Unconditional)
    GPIO_Init                                0x08000e69   Thumb Code   278  stm32f10x_gpio.o(i.GPIO_Init)
    GPIO_PinRemapConfig                      0x08000f81   Thumb Code   138  stm32f10x_gpio.o(i.GPIO_PinRemapConfig)
    GPIO_ReadInputDataBit                    0x08001011   Thumb Code    18  stm32f10x_gpio.o(i.GPIO_ReadInputDataBit)
    GPIO_ResetBits                           0x08001023   Thumb Code     4  stm32f10x_gpio.o(i.GPIO_ResetBits)
    GPIO_SetBits                             0x08001027   Thumb Code     4  stm32f10x_gpio.o(i.GPIO_SetBits)
    GPIO_WriteBit                            0x0800102b   Thumb Code    10  stm32f10x_gpio.o(i.GPIO_WriteBit)
    Get_Adc_Average                          0x08001035   Thumb Code    46  ad.o(i.Get_Adc_Average)
    HCSR_Get                                 0x08001065   Thumb Code    12  hc-sr501.o(i.HCSR_Get)
    HCSR_Init                                0x08001075   Thumb Code    46  hc-sr501.o(i.HCSR_Init)
    HardFault_Handler                        0x080010a9   Thumb Code     4  stm32f10x_it.o(i.HardFault_Handler)
    HeatingRelay_Auto_OFF                    0x080010ad   Thumb Code    72  control.o(i.HeatingRelay_Auto_OFF)
    HeatingRelay_Auto_ON                     0x08001115   Thumb Code    68  control.o(i.HeatingRelay_Auto_ON)
    HeatingRelay_Init                        0x08001179   Thumb Code    48  control.o(i.HeatingRelay_Init)
    HeatingRelay_Manual_OFF                  0x080011ad   Thumb Code    66  control.o(i.HeatingRelay_Manual_OFF)
    HeatingRelay_Manual_ON                   0x0800120d   Thumb Code    66  control.o(i.HeatingRelay_Manual_ON)
    HomeMode                                 0x0800126d   Thumb Code   290  homemode.o(i.HomeMode)
    Human_Detection                          0x080013d5   Thumb Code    74  alarmcircuit.o(i.Human_Detection)
    Humidity_High_Alarm                      0x08001429   Thumb Code    32  alarmcircuit.o(i.Humidity_High_Alarm)
    Humidity_Low_Alarm                       0x08001451   Thumb Code    28  alarmcircuit.o(i.Humidity_Low_Alarm)
    Key_GetNum                               0x08001475   Thumb Code   484  key.o(i.Key_GetNum)
    Key_Init                                 0x0800167d   Thumb Code   150  key.o(i.Key_Init)
    Key_MINUS                                0x08001725   Thumb Code   570  key.o(i.Key_MINUS)
    Key_Mode                                 0x08001991   Thumb Code   256  key.o(i.Key_Mode)
    Key_PLUS                                 0x08001aa1   Thumb Code  2052  key.o(i.Key_PLUS)
    Key_SET                                  0x080022dd   Thumb Code  1636  key.o(i.Key_SET)
    Key_SetSpeed                             0x08002951   Thumb Code    86  key.o(i.Key_SetSpeed)
    LED1_OFF                                 0x080029c5   Thumb Code    18  led.o(i.LED1_OFF)
    LED1_ON                                  0x080029e1   Thumb Code    18  led.o(i.LED1_ON)
    LED1_Turn                                0x080029fd   Thumb Code    42  led.o(i.LED1_Turn)
    LED2_OFF                                 0x08002a31   Thumb Code    18  led.o(i.LED2_OFF)
    LED2_ON                                  0x08002a4d   Thumb Code    18  led.o(i.LED2_ON)
    LED2_Turn                                0x08002a69   Thumb Code    42  led.o(i.LED2_Turn)
    LED3_OFF                                 0x08002a9d   Thumb Code    20  led.o(i.LED3_OFF)
    LED3_ON                                  0x08002ab9   Thumb Code    20  led.o(i.LED3_ON)
    LED3_Turn                                0x08002ad5   Thumb Code    46  led.o(i.LED3_Turn)
    LED4_OFF                                 0x08002b0d   Thumb Code    20  led.o(i.LED4_OFF)
    LED4_ON                                  0x08002b29   Thumb Code    20  led.o(i.LED4_ON)
    LED4_Turn                                0x08002b45   Thumb Code    46  led.o(i.LED4_Turn)
    LED5_OFF                                 0x08002b7d   Thumb Code    14  led.o(i.LED5_OFF)
    LED5_ON                                  0x08002b91   Thumb Code    14  led.o(i.LED5_ON)
    LED5_Turn                                0x08002ba5   Thumb Code    28  led.o(i.LED5_Turn)
    LED6_Breathing                           0x08002bc1   Thumb Code    90  led.o(i.LED6_Breathing)
    LED6_Breathing_Init                      0x08002c21   Thumb Code   150  led.o(i.LED6_Breathing_Init)
    LED_Init                                 0x08002cc1   Thumb Code    84  led.o(i.LED_Init)
    LabVIEW_Control_System                   0x08002d1d   Thumb Code   400  labview.o(i.LabVIEW_Control_System)
    LabVIEW_Receive                          0x08002ed1   Thumb Code   392  labview.o(i.LabVIEW_Receive)
    Lighting_High_Treatment                  0x08003071   Thumb Code    20  alarmcircuit.o(i.Lighting_High_Treatment)
    Lighting_Low_Treatment                   0x0800308d   Thumb Code    20  alarmcircuit.o(i.Lighting_Low_Treatment)
    MQ2_Get_PPM_Value                        0x080030a9   Thumb Code    92  mq2.o(i.MQ2_Get_PPM_Value)
    MQ2_Get_Voltage_Value                    0x08003125   Thumb Code    38  mq2.o(i.MQ2_Get_Voltage_Value)
    MemManage_Handler                        0x08003159   Thumb Code     4  stm32f10x_it.o(i.MemManage_Handler)
    Motor1_Init                              0x0800315d   Thumb Code    44  motor.o(i.Motor1_Init)
    Motor1_SetSpeed                          0x0800318d   Thumb Code    96  motor.o(i.Motor1_SetSpeed)
    Motor2_Init                              0x080031f1   Thumb Code    44  motor.o(i.Motor2_Init)
    Motor2_SetSpeed                          0x08003221   Thumb Code    96  motor.o(i.Motor2_SetSpeed)
    Music_Init                               0x08003285   Thumb Code   168  music.o(i.Music_Init)
    Music_Show                               0x08003335   Thumb Code   122  music.o(i.Music_Show)
    NMI_Handler                              0x080033c9   Thumb Code     2  stm32f10x_it.o(i.NMI_Handler)
    NVIC_Configuration                       0x080033cb   Thumb Code    32  usart.o(i.NVIC_Configuration)
    NVIC_Init                                0x080033ed   Thumb Code   100  misc.o(i.NVIC_Init)
    NVIC_PriorityGroupConfig                 0x0800345d   Thumb Code    10  misc.o(i.NVIC_PriorityGroupConfig)
    OLED_Clear                               0x08003471   Thumb Code    42  oled.o(i.OLED_Clear)
    OLED_I2C_Init                            0x0800349d   Thumb Code    72  oled.o(i.OLED_I2C_Init)
    OLED_I2C_SendByte                        0x080034e9   Thumb Code    74  oled.o(i.OLED_I2C_SendByte)
    OLED_I2C_Start                           0x08003539   Thumb Code    44  oled.o(i.OLED_I2C_Start)
    OLED_I2C_Stop                            0x08003569   Thumb Code    34  oled.o(i.OLED_I2C_Stop)
    OLED_Init                                0x08003591   Thumb Code   174  oled.o(i.OLED_Init)
    OLED_Pow                                 0x0800363f   Thumb Code    20  oled.o(i.OLED_Pow)
    OLED_SetCursor                           0x08003653   Thumb Code    34  oled.o(i.OLED_SetCursor)
    OLED_ShowChar                            0x08003675   Thumb Code   110  oled.o(i.OLED_ShowChar)
    OLED_ShowCommunicationParameters         0x080036e9   Thumb Code    74  oled.o(i.OLED_ShowCommunicationParameters)
    OLED_ShowDevice                          0x08003751   Thumb Code    44  oled.o(i.OLED_ShowDevice)
    OLED_ShowDeviceStatus                    0x080037a5   Thumb Code   116  oled.o(i.OLED_ShowDeviceStatus)
    OLED_ShowEnvir                           0x08003831   Thumb Code   188  oled.o(i.OLED_ShowEnvir)
    OLED_ShowEnvironmentalThresholds1        0x08003939   Thumb Code   140  oled.o(i.OLED_ShowEnvironmentalThresholds1)
    OLED_ShowEnvironmentalThresholds2        0x080039fd   Thumb Code   102  oled.o(i.OLED_ShowEnvironmentalThresholds2)
    OLED_ShowFamilymMode                     0x08003a95   Thumb Code    34  oled.o(i.OLED_ShowFamilymMode)
    OLED_ShowHomeMode                        0x08003add   Thumb Code    34  oled.o(i.OLED_ShowHomeMode)
    OLED_ShowLED                             0x08003b29   Thumb Code    44  oled.o(i.OLED_ShowLED)
    OLED_ShowLEDStatus                       0x08003b75   Thumb Code   194  oled.o(i.OLED_ShowLEDStatus)
    OLED_ShowNum                             0x08003c59   Thumb Code    68  oled.o(i.OLED_ShowNum)
    OLED_ShowSleepMode                       0x08003c9d   Thumb Code    44  oled.o(i.OLED_ShowSleepMode)
    OLED_ShowString                          0x08003cfd   Thumb Code    40  oled.o(i.OLED_ShowString)
    OLED_ShowWakeupMode                      0x08003d25   Thumb Code    24  oled.o(i.OLED_ShowWakeupMode)
    OLED_WriteCommand                        0x08003d59   Thumb Code    32  oled.o(i.OLED_WriteCommand)
    OLED_WriteData                           0x08003d79   Thumb Code    32  oled.o(i.OLED_WriteData)
    PWM1_Init                                0x08003d99   Thumb Code   152  motor.o(i.PWM1_Init)
    PWM1_SetCompare3                         0x08003e35   Thumb Code    16  motor.o(i.PWM1_SetCompare3)
    PWM2_Init                                0x08003e45   Thumb Code   150  motor.o(i.PWM2_Init)
    PWM2_SetCompare4                         0x08003ee1   Thumb Code    16  motor.o(i.PWM2_SetCompare4)
    PWM3_SetCompare2                         0x08003ef1   Thumb Code    14  servo.o(i.PWM3_SetCompare2)
    PWM_SetCompare3                          0x08003f05   Thumb Code    14  led.o(i.PWM_SetCompare3)
    PendSV_Handler                           0x08003f19   Thumb Code     2  stm32f10x_it.o(i.PendSV_Handler)
    RCC_ADCCLKConfig                         0x08003f1d   Thumb Code    18  stm32f10x_rcc.o(i.RCC_ADCCLKConfig)
    RCC_APB1PeriphClockCmd                   0x08003f35   Thumb Code    26  stm32f10x_rcc.o(i.RCC_APB1PeriphClockCmd)
    RCC_APB1PeriphResetCmd                   0x08003f55   Thumb Code    26  stm32f10x_rcc.o(i.RCC_APB1PeriphResetCmd)
    RCC_APB2PeriphClockCmd                   0x08003f75   Thumb Code    26  stm32f10x_rcc.o(i.RCC_APB2PeriphClockCmd)
    RCC_APB2PeriphResetCmd                   0x08003f95   Thumb Code    26  stm32f10x_rcc.o(i.RCC_APB2PeriphResetCmd)
    RCC_GetClocksFreq                        0x08003fb5   Thumb Code   192  stm32f10x_rcc.o(i.RCC_GetClocksFreq)
    Running_Water_Light                      0x08004089   Thumb Code    84  led.o(i.Running_Water_Light)
    SVC_Handler                              0x080040dd   Thumb Code     2  stm32f10x_it.o(i.SVC_Handler)
    Servo_Init                               0x080040e1   Thumb Code   148  servo.o(i.Servo_Init)
    Servo_SetAngle                           0x08004181   Thumb Code    48  servo.o(i.Servo_SetAngle)
    Set_PWM                                  0x080042a5   Thumb Code    24  music.o(i.Set_PWM)
    SleepMode                                0x080042c1   Thumb Code   224  sleepmode.o(i.SleepMode)
    Smoke_High_Alarm                         0x080043f1   Thumb Code    24  alarmcircuit.o(i.Smoke_High_Alarm)
    SysTick_Handler                          0x08004411   Thumb Code     2  stm32f10x_it.o(i.SysTick_Handler)
    SystemInit                               0x08004415   Thumb Code    78  system_stm32f10x.o(i.SystemInit)
    TIM_Cmd                                  0x08004475   Thumb Code    24  stm32f10x_tim.o(i.TIM_Cmd)
    TIM_InternalClockConfig                  0x0800448d   Thumb Code    12  stm32f10x_tim.o(i.TIM_InternalClockConfig)
    TIM_OC2Init                              0x08004499   Thumb Code   154  stm32f10x_tim.o(i.TIM_OC2Init)
    TIM_OC3Init                              0x0800453d   Thumb Code   150  stm32f10x_tim.o(i.TIM_OC3Init)
    TIM_OC4Init                              0x080045dd   Thumb Code   114  stm32f10x_tim.o(i.TIM_OC4Init)
    TIM_OC4PreloadConfig                     0x08004659   Thumb Code    26  stm32f10x_tim.o(i.TIM_OC4PreloadConfig)
    TIM_OCStructInit                         0x08004673   Thumb Code    20  stm32f10x_tim.o(i.TIM_OCStructInit)
    TIM_SetAutoreload                        0x08004687   Thumb Code     4  stm32f10x_tim.o(i.TIM_SetAutoreload)
    TIM_SetCompare2                          0x0800468b   Thumb Code     4  stm32f10x_tim.o(i.TIM_SetCompare2)
    TIM_SetCompare3                          0x0800468f   Thumb Code     4  stm32f10x_tim.o(i.TIM_SetCompare3)
    TIM_SetCompare4                          0x08004693   Thumb Code     6  stm32f10x_tim.o(i.TIM_SetCompare4)
    TIM_TimeBaseInit                         0x08004699   Thumb Code   122  stm32f10x_tim.o(i.TIM_TimeBaseInit)
    Temperature_High_Alarm                   0x0800473d   Thumb Code    32  alarmcircuit.o(i.Temperature_High_Alarm)
    Temperature_Low_Alarm                    0x08004765   Thumb Code    28  alarmcircuit.o(i.Temperature_Low_Alarm)
    USART1_Init                              0x08004789   Thumb Code   106  usart.o(i.USART1_Init)
    USART1_SendByte                          0x080047fd   Thumb Code    28  usart.o(i.USART1_SendByte)
    USART1_SendNumber                        0x0800481d   Thumb Code    58  usart.o(i.USART1_SendNumber)
    USART1_SendString                        0x08004857   Thumb Code    26  usart.o(i.USART1_SendString)
    USART3_IRQHandler                        0x08004871   Thumb Code     8  usart.o(i.USART3_IRQHandler)
    USART3_Init                              0x08004879   Thumb Code   154  usart.o(i.USART3_Init)
    USART3_SendByte                          0x0800491d   Thumb Code    28  usart.o(i.USART3_SendByte)
    USART_ClearITPendingBit                  0x0800493d   Thumb Code    30  stm32f10x_usart.o(i.USART_ClearITPendingBit)
    USART_Cmd                                0x0800495b   Thumb Code    24  stm32f10x_usart.o(i.USART_Cmd)
    USART_DeInit                             0x08004975   Thumb Code   134  stm32f10x_usart.o(i.USART_DeInit)
    USART_GetFlagStatus                      0x08004a11   Thumb Code    26  stm32f10x_usart.o(i.USART_GetFlagStatus)
    USART_GetITStatus                        0x08004a2b   Thumb Code    84  stm32f10x_usart.o(i.USART_GetITStatus)
    USART_ITConfig                           0x08004a7f   Thumb Code    74  stm32f10x_usart.o(i.USART_ITConfig)
    USART_Init                               0x08004ac9   Thumb Code   210  stm32f10x_usart.o(i.USART_Init)
    USART_Pow                                0x08004ba1   Thumb Code    20  usart.o(i.USART_Pow)
    USART_ReceiveData                        0x08004bb5   Thumb Code    10  stm32f10x_usart.o(i.USART_ReceiveData)
    USART_SendData                           0x08004bbf   Thumb Code     8  stm32f10x_usart.o(i.USART_SendData)
    UsageFault_Handler                       0x08004bc7   Thumb Code     4  stm32f10x_it.o(i.UsageFault_Handler)
    WakeupMode                               0x08004bcd   Thumb Code   104  wakeupmode.o(i.WakeupMode)
    WettingRelay_Auto_OFF                    0x08004c61   Thumb Code    72  control.o(i.WettingRelay_Auto_OFF)
    WettingRelay_Auto_ON                     0x08004cc9   Thumb Code    68  control.o(i.WettingRelay_Auto_ON)
    WettingRelay_Init                        0x08004d2d   Thumb Code    48  control.o(i.WettingRelay_Init)
    WettingRelay_Manual_OFF                  0x08004d61   Thumb Code    66  control.o(i.WettingRelay_Manual_OFF)
    WettingRelay_Manual_ON                   0x08004dc1   Thumb Code    66  control.o(i.WettingRelay_Manual_ON)
    YH_LDR_Get_LUX_Value                     0x08004e21   Thumb Code   120  yh-ldr.o(i.YH_LDR_Get_LUX_Value)
    __ARM_fpclassify                         0x08004ec1   Thumb Code    40  fpclassify.o(i.__ARM_fpclassify)
    __kernel_poly                            0x08004ee9   Thumb Code   170  poly.o(i.__kernel_poly)
    __mathlib_dbl_divzero                    0x08004f95   Thumb Code    12  dunder.o(i.__mathlib_dbl_divzero)
    __mathlib_dbl_infnan2                    0x08004fa5   Thumb Code     4  dunder.o(i.__mathlib_dbl_infnan2)
    __mathlib_dbl_invalid                    0x08004fa9   Thumb Code    12  dunder.o(i.__mathlib_dbl_invalid)
    __mathlib_dbl_overflow                   0x08004fb5   Thumb Code    14  dunder.o(i.__mathlib_dbl_overflow)
    __mathlib_dbl_underflow                  0x08004fc5   Thumb Code    10  dunder.o(i.__mathlib_dbl_underflow)
    main                                     0x08004fd5   Thumb Code   194  main.o(i.main)
    pow                                      0x080050b5   Thumb Code  2512  pow.o(i.pow)
    sqrt                                     0x08005a8d   Thumb Code    76  sqrt.o(i.sqrt)
    __aeabi_d2f                              0x08005ad9   Thumb Code     0  d2f.o(x$fpl$d2f)
    _d2f                                     0x08005ad9   Thumb Code    98  d2f.o(x$fpl$d2f)
    __aeabi_dadd                             0x08005b3d   Thumb Code     0  daddsub_clz.o(x$fpl$dadd)
    _dadd                                    0x08005b3d   Thumb Code   332  daddsub_clz.o(x$fpl$dadd)
    __fpl_dcheck_NaN1                        0x08005c8d   Thumb Code    10  dcheck1.o(x$fpl$dcheck1)
    __fpl_dcmp_Inf                           0x08005c9d   Thumb Code    24  dcmpi.o(x$fpl$dcmpinf)
    __aeabi_ddiv                             0x08005cb5   Thumb Code     0  ddiv.o(x$fpl$ddiv)
    _ddiv                                    0x08005cb5   Thumb Code   552  ddiv.o(x$fpl$ddiv)
    __aeabi_d2uiz                            0x08005f65   Thumb Code     0  dfixu.o(x$fpl$dfixu)
    _dfixu                                   0x08005f65   Thumb Code    90  dfixu.o(x$fpl$dfixu)
    __aeabi_i2d                              0x08005fbf   Thumb Code     0  dflt_clz.o(x$fpl$dflt)
    _dflt                                    0x08005fbf   Thumb Code    46  dflt_clz.o(x$fpl$dflt)
    __aeabi_ui2d                             0x08005fed   Thumb Code     0  dflt_clz.o(x$fpl$dfltu)
    _dfltu                                   0x08005fed   Thumb Code    38  dflt_clz.o(x$fpl$dfltu)
    __aeabi_cdcmple                          0x08006015   Thumb Code     0  dleqf.o(x$fpl$dleqf)
    _dcmple                                  0x08006015   Thumb Code   120  dleqf.o(x$fpl$dleqf)
    __fpl_dcmple_InfNaN                      0x08006077   Thumb Code     0  dleqf.o(x$fpl$dleqf)
    __aeabi_dmul                             0x0800608d   Thumb Code     0  dmul.o(x$fpl$dmul)
    _dmul                                    0x0800608d   Thumb Code   332  dmul.o(x$fpl$dmul)
    __fpl_dnaninf                            0x080061e1   Thumb Code   156  dnaninf.o(x$fpl$dnaninf)
    __fpl_dretinf                            0x0800627d   Thumb Code    12  dretinf.o(x$fpl$dretinf)
    __aeabi_cdrcmple                         0x08006289   Thumb Code     0  drleqf.o(x$fpl$drleqf)
    _drcmple                                 0x08006289   Thumb Code   108  drleqf.o(x$fpl$drleqf)
    __aeabi_drsub                            0x080062f5   Thumb Code     0  daddsub_clz.o(x$fpl$drsb)
    _drsb                                    0x080062f5   Thumb Code    22  daddsub_clz.o(x$fpl$drsb)
    _dsqrt                                   0x0800630d   Thumb Code   456  dsqrt_noumaal.o(x$fpl$dsqrt)
    __aeabi_dsub                             0x080064d9   Thumb Code     0  daddsub_clz.o(x$fpl$dsub)
    _dsub                                    0x080064d9   Thumb Code   464  daddsub_clz.o(x$fpl$dsub)
    __aeabi_f2d                              0x080066ad   Thumb Code     0  f2d.o(x$fpl$f2d)
    _f2d                                     0x080066ad   Thumb Code    86  f2d.o(x$fpl$f2d)
    __aeabi_fadd                             0x08006705   Thumb Code     0  faddsub_clz.o(x$fpl$fadd)
    _fadd                                    0x08006705   Thumb Code   196  faddsub_clz.o(x$fpl$fadd)
    __aeabi_fdiv                             0x080067c9   Thumb Code     0  fdiv.o(x$fpl$fdiv)
    _fdiv                                    0x080067c9   Thumb Code   384  fdiv.o(x$fpl$fdiv)
    __aeabi_f2uiz                            0x0800694d   Thumb Code     0  ffixu.o(x$fpl$ffixu)
    _ffixu                                   0x0800694d   Thumb Code    62  ffixu.o(x$fpl$ffixu)
    __aeabi_fmul                             0x0800698d   Thumb Code     0  fmul.o(x$fpl$fmul)
    _fmul                                    0x0800698d   Thumb Code   258  fmul.o(x$fpl$fmul)
    __fpl_fnaninf                            0x08006a8f   Thumb Code   140  fnaninf.o(x$fpl$fnaninf)
    __fpl_fretinf                            0x08006b1b   Thumb Code    10  fretinf.o(x$fpl$fretinf)
    __aeabi_fsub                             0x08006b25   Thumb Code     0  faddsub_clz.o(x$fpl$fsub)
    _fsub                                    0x08006b25   Thumb Code   234  faddsub_clz.o(x$fpl$fsub)
    __fpl_return_NaN                         0x08006c0f   Thumb Code   100  retnan.o(x$fpl$retnan)
    __ARM_scalbn                             0x08006c73   Thumb Code    92  scalbn.o(x$fpl$scalbn)
    __fpl_cmpreturn                          0x08006ccf   Thumb Code    48  trapv.o(x$fpl$trapveneer)
    OLED_F8x16                               0x08006cfe   Data        1520  oled.o(.constdata)
    __I$use$fp                               0x08006cfe   Number         0  usenofp.o(x$fpl$usenofp)
    Tone                                     0x080072ee   Data          42  main.o(.constdata)
    Music_Tone                               0x08007318   Data          25  main.o(.constdata)
    Music_Time                               0x08007331   Data          25  main.o(.constdata)
    __mathlib_zero                           0x080073d8   Data           8  qnan.o(.constdata)
    Region$$Table$$Base                      0x080073e0   Number         0  anon$$obj.o(Region$$Table)
    Region$$Table$$Limit                     0x08007400   Number         0  anon$$obj.o(Region$$Table)
    Temperature                              0x20000018   Data           1  main.o(.data)
    Humidity                                 0x20000019   Data           1  main.o(.data)
    Smoke                                    0x2000001a   Data           2  main.o(.data)
    Lightintensity                           0x2000001c   Data           2  main.o(.data)
    TemperatureHigh                          0x2000001e   Data           1  main.o(.data)
    TemperatureLow                           0x2000001f   Data           1  main.o(.data)
    HumidityHigh                             0x20000020   Data           1  main.o(.data)
    HumidityLow                              0x20000021   Data           1  main.o(.data)
    SmokeHigh                                0x20000022   Data           2  main.o(.data)
    LightintensityHigh                       0x20000024   Data           2  main.o(.data)
    LightintensityLow                        0x20000026   Data           2  main.o(.data)
    KeyNum                                   0x20000028   Data           1  main.o(.data)
    LED6_Breathing_Number                    0x20000029   Data           1  main.o(.data)
    Beep_Number                              0x2000002a   Data           1  main.o(.data)
    HeatingRelay_Auto_Flag                   0x2000002b   Data           1  main.o(.data)
    WettingRelay_Auto_Flag                   0x2000002c   Data           1  main.o(.data)
    Curtain_Motor_Auto_Flag                  0x2000002d   Data           1  main.o(.data)
    Fan_Motor_Auto_Flag                      0x2000002e   Data           1  main.o(.data)
    Smart_Home_Mode_Select_Flag              0x2000002f   Data           1  main.o(.data)
    Temperature_Decimals                     0x20000030   Data           1  main.o(.data)
    Humidity_Decimals                        0x20000031   Data           1  main.o(.data)
    Speed1                                   0x20000032   Data           1  main.o(.data)
    Speed2                                   0x20000033   Data           1  main.o(.data)
    i_Mode                                   0x20000034   Data           1  main.o(.data)
    i_SET                                    0x20000035   Data           1  main.o(.data)
    i_Plus                                   0x20000036   Data           1  main.o(.data)
    i_Plus_Enter                             0x20000037   Data           1  main.o(.data)
    LED6_Breathing_Flag                      0x20000038   Data           1  main.o(.data)
    Music_Time_Flag                          0x20000039   Data           1  main.o(.data)
    Beep_Time_Flag                           0x2000003a   Data           1  main.o(.data)
    Music_Time_Statistics                    0x2000003b   Data           1  main.o(.data)
    Light_Value                              0x2000003c   Data           2  main.o(.data)
    Smoke_Value                              0x2000003e   Data           2  main.o(.data)
    LED1_Flag                                0x20000040   Data           1  main.o(.data)
    LED2_Flag                                0x20000041   Data           1  main.o(.data)
    LED3_Flag                                0x20000042   Data           1  main.o(.data)
    LED4_Flag                                0x20000043   Data           1  main.o(.data)
    i_Plus2                                  0x20000044   Data           1  main.o(.data)
    Smoke_Voltage_Value                      0x20000048   Data           4  main.o(.data)
    RS                                       0x2000004c   Data           4  main.o(.data)
    Angle                                    0x20000050   Data           4  main.o(.data)
    __libspace_start                         0x20000054   Data          96  libspace.o(.bss)
    __temporary_stack_top$libspace           0x200000b4   Data           0  libspace.o(.bss)



==============================================================================

Memory Map of the image

  Image Entry point : 0x080000ed

  Load Region LR_IROM1 (Base: 0x08000000, Size: 0x00007454, Max: 0x00010000, ABSOLUTE)

    Execution Region ER_IROM1 (Exec base: 0x08000000, Load base: 0x08000000, Size: 0x00007400, Max: 0x00010000, ABSOLUTE)

    Exec Addr    Load Addr    Size         Type   Attr      Idx    E Section Name        Object

    0x08000000   0x08000000   0x000000ec   Data   RO            3    RESET               startup_stm32f10x_md.o
    0x080000ec   0x080000ec   0x00000008   Code   RO         4468  * !!!main             c_w.l(__main.o)
    0x080000f4   0x080000f4   0x00000034   Code   RO         4897    !!!scatter          c_w.l(__scatter.o)
    0x08000128   0x08000128   0x0000001a   Code   RO         4899    !!handler_copy      c_w.l(__scatter_copy.o)
    0x08000142   0x08000142   0x00000002   PAD
    0x08000144   0x08000144   0x0000001c   Code   RO         4901    !!handler_zi        c_w.l(__scatter_zi.o)
    0x08000160   0x08000160   0x00000002   Code   RO         4757    .ARM.Collect$$libinit$$00000000  c_w.l(libinit.o)
    0x08000162   0x08000162   0x00000000   Code   RO         4772    .ARM.Collect$$libinit$$00000002  c_w.l(libinit2.o)
    0x08000162   0x08000162   0x00000000   Code   RO         4774    .ARM.Collect$$libinit$$00000004  c_w.l(libinit2.o)
    0x08000162   0x08000162   0x00000000   Code   RO         4777    .ARM.Collect$$libinit$$0000000A  c_w.l(libinit2.o)
    0x08000162   0x08000162   0x00000000   Code   RO         4779    .ARM.Collect$$libinit$$0000000C  c_w.l(libinit2.o)
    0x08000162   0x08000162   0x00000000   Code   RO         4781    .ARM.Collect$$libinit$$0000000E  c_w.l(libinit2.o)
    0x08000162   0x08000162   0x00000000   Code   RO         4784    .ARM.Collect$$libinit$$00000011  c_w.l(libinit2.o)
    0x08000162   0x08000162   0x00000000   Code   RO         4786    .ARM.Collect$$libinit$$00000013  c_w.l(libinit2.o)
    0x08000162   0x08000162   0x00000000   Code   RO         4788    .ARM.Collect$$libinit$$00000015  c_w.l(libinit2.o)
    0x08000162   0x08000162   0x00000000   Code   RO         4790    .ARM.Collect$$libinit$$00000017  c_w.l(libinit2.o)
    0x08000162   0x08000162   0x00000000   Code   RO         4792    .ARM.Collect$$libinit$$00000019  c_w.l(libinit2.o)
    0x08000162   0x08000162   0x00000000   Code   RO         4794    .ARM.Collect$$libinit$$0000001B  c_w.l(libinit2.o)
    0x08000162   0x08000162   0x00000000   Code   RO         4796    .ARM.Collect$$libinit$$0000001D  c_w.l(libinit2.o)
    0x08000162   0x08000162   0x00000000   Code   RO         4798    .ARM.Collect$$libinit$$0000001F  c_w.l(libinit2.o)
    0x08000162   0x08000162   0x00000000   Code   RO         4800    .ARM.Collect$$libinit$$00000021  c_w.l(libinit2.o)
    0x08000162   0x08000162   0x00000000   Code   RO         4802    .ARM.Collect$$libinit$$00000023  c_w.l(libinit2.o)
    0x08000162   0x08000162   0x00000000   Code   RO         4804    .ARM.Collect$$libinit$$00000025  c_w.l(libinit2.o)
    0x08000162   0x08000162   0x00000000   Code   RO         4808    .ARM.Collect$$libinit$$0000002C  c_w.l(libinit2.o)
    0x08000162   0x08000162   0x00000000   Code   RO         4810    .ARM.Collect$$libinit$$0000002E  c_w.l(libinit2.o)
    0x08000162   0x08000162   0x00000000   Code   RO         4812    .ARM.Collect$$libinit$$00000030  c_w.l(libinit2.o)
    0x08000162   0x08000162   0x00000000   Code   RO         4814    .ARM.Collect$$libinit$$00000032  c_w.l(libinit2.o)
    0x08000162   0x08000162   0x00000002   Code   RO         4815    .ARM.Collect$$libinit$$00000033  c_w.l(libinit2.o)
    0x08000164   0x08000164   0x00000002   Code   RO         4837    .ARM.Collect$$libshutdown$$00000000  c_w.l(libshutdown.o)
    0x08000166   0x08000166   0x00000000   Code   RO         4850    .ARM.Collect$$libshutdown$$00000002  c_w.l(libshutdown2.o)
    0x08000166   0x08000166   0x00000000   Code   RO         4852    .ARM.Collect$$libshutdown$$00000004  c_w.l(libshutdown2.o)
    0x08000166   0x08000166   0x00000000   Code   RO         4855    .ARM.Collect$$libshutdown$$00000007  c_w.l(libshutdown2.o)
    0x08000166   0x08000166   0x00000000   Code   RO         4858    .ARM.Collect$$libshutdown$$0000000A  c_w.l(libshutdown2.o)
    0x08000166   0x08000166   0x00000000   Code   RO         4860    .ARM.Collect$$libshutdown$$0000000C  c_w.l(libshutdown2.o)
    0x08000166   0x08000166   0x00000000   Code   RO         4863    .ARM.Collect$$libshutdown$$0000000F  c_w.l(libshutdown2.o)
    0x08000166   0x08000166   0x00000002   Code   RO         4864    .ARM.Collect$$libshutdown$$00000010  c_w.l(libshutdown2.o)
    0x08000168   0x08000168   0x00000000   Code   RO         4518    .ARM.Collect$$rtentry$$00000000  c_w.l(__rtentry.o)
    0x08000168   0x08000168   0x00000000   Code   RO         4665    .ARM.Collect$$rtentry$$00000002  c_w.l(__rtentry2.o)
    0x08000168   0x08000168   0x00000006   Code   RO         4677    .ARM.Collect$$rtentry$$00000004  c_w.l(__rtentry4.o)
    0x0800016e   0x0800016e   0x00000000   Code   RO         4667    .ARM.Collect$$rtentry$$00000009  c_w.l(__rtentry2.o)
    0x0800016e   0x0800016e   0x00000004   Code   RO         4668    .ARM.Collect$$rtentry$$0000000A  c_w.l(__rtentry2.o)
    0x08000172   0x08000172   0x00000000   Code   RO         4670    .ARM.Collect$$rtentry$$0000000C  c_w.l(__rtentry2.o)
    0x08000172   0x08000172   0x00000008   Code   RO         4671    .ARM.Collect$$rtentry$$0000000D  c_w.l(__rtentry2.o)
    0x0800017a   0x0800017a   0x00000002   Code   RO         4764    .ARM.Collect$$rtexit$$00000000  c_w.l(rtexit.o)
    0x0800017c   0x0800017c   0x00000000   Code   RO         4819    .ARM.Collect$$rtexit$$00000002  c_w.l(rtexit2.o)
    0x0800017c   0x0800017c   0x00000004   Code   RO         4820    .ARM.Collect$$rtexit$$00000003  c_w.l(rtexit2.o)
    0x08000180   0x08000180   0x00000006   Code   RO         4821    .ARM.Collect$$rtexit$$00000004  c_w.l(rtexit2.o)
    0x08000186   0x08000186   0x00000002   PAD
    0x08000188   0x08000188   0x00000040   Code   RO            4    .text               startup_stm32f10x_md.o
    0x080001c8   0x080001c8   0x00000006   Code   RO         4466    .text               c_w.l(heapauxi.o)
    0x080001ce   0x080001ce   0x00000016   Code   RO         4519    .text               c_w.l(_rserrno.o)
    0x080001e4   0x080001e4   0x00000008   Code   RO         4682    .text               c_w.l(rt_errno_addr_intlibspace.o)
    0x080001ec   0x080001ec   0x00000008   Code   RO         4708    .text               c_w.l(libspace.o)
    0x080001f4   0x080001f4   0x0000004a   Code   RO         4711    .text               c_w.l(sys_stackheap_outer.o)
    0x0800023e   0x0800023e   0x00000012   Code   RO         4750    .text               c_w.l(exit.o)
    0x08000250   0x08000250   0x0000000c   Code   RO         4829    .text               c_w.l(sys_exit.o)
    0x0800025c   0x0800025c   0x00000002   Code   RO         4840    .text               c_w.l(use_no_semi.o)
    0x0800025e   0x0800025e   0x00000000   Code   RO         4842    .text               c_w.l(indicate_semi.o)
    0x0800025e   0x0800025e   0x00000016   Code   RO          202    i.ADC_Cmd           stm32f10x_adc.o
    0x08000274   0x08000274   0x00000014   Code   RO          210    i.ADC_GetCalibrationStatus  stm32f10x_adc.o
    0x08000288   0x08000288   0x00000008   Code   RO          211    i.ADC_GetConversionValue  stm32f10x_adc.o
    0x08000290   0x08000290   0x00000012   Code   RO          213    i.ADC_GetFlagStatus  stm32f10x_adc.o
    0x080002a2   0x080002a2   0x00000014   Code   RO          216    i.ADC_GetResetCalibrationStatus  stm32f10x_adc.o
    0x080002b6   0x080002b6   0x00000002   PAD
    0x080002b8   0x080002b8   0x00000050   Code   RO          220    i.ADC_Init          stm32f10x_adc.o
    0x08000308   0x08000308   0x000000b8   Code   RO          224    i.ADC_RegularChannelConfig  stm32f10x_adc.o
    0x080003c0   0x080003c0   0x0000000a   Code   RO          225    i.ADC_ResetCalibration  stm32f10x_adc.o
    0x080003ca   0x080003ca   0x00000016   Code   RO          227    i.ADC_SoftwareStartConvCmd  stm32f10x_adc.o
    0x080003e0   0x080003e0   0x0000000a   Code   RO          229    i.ADC_StartCalibration  stm32f10x_adc.o
    0x080003ea   0x080003ea   0x00000002   PAD
    0x080003ec   0x080003ec   0x00000034   Code   RO         3736    i.AD_GetValue       ad.o
    0x08000420   0x08000420   0x0000009c   Code   RO         3737    i.AD_Init           ad.o
    0x080004bc   0x080004bc   0x00000288   Code   RO         3963    i.Alarm_Message     alarmcircuit.o
    0x08000744   0x08000744   0x0000001e   Code   RO         3251    i.All_LED_OFF       led.o
    0x08000762   0x08000762   0x0000001e   Code   RO         3252    i.All_LED_ON        led.o
    0x08000780   0x08000780   0x00000034   Code   RO         3760    i.Beep_Init         beep.o
    0x080007b4   0x080007b4   0x00000014   Code   RO         3761    i.Beep_OFF          beep.o
    0x080007c8   0x080007c8   0x00000014   Code   RO         3762    i.Beep_ON           beep.o
    0x080007dc   0x080007dc   0x0000001c   Code   RO         3763    i.Beep_Turn         beep.o
    0x080007f8   0x080007f8   0x00000004   Code   RO         4399    i.BusFault_Handler  stm32f10x_it.o
    0x080007fc   0x080007fc   0x0000009c   Code   RO         3821    i.Curtain_Motor_Auto_OFF  control.o
    0x08000898   0x08000898   0x00000094   Code   RO         3822    i.Curtain_Motor_Auto_ON  control.o
    0x0800092c   0x0800092c   0x00000040   Code   RO         3823    i.Curtain_Motor_Manual_OFF  control.o
    0x0800096c   0x0800096c   0x00000048   Code   RO         3824    i.Curtain_Motor_Manual_OFF_Unconditional  control.o
    0x080009b4   0x080009b4   0x00000044   Code   RO         3825    i.Curtain_Motor_Manual_ON  control.o
    0x080009f8   0x080009f8   0x00000048   Code   RO         3826    i.Curtain_Motor_Manual_ON_Unconditional  control.o
    0x08000a40   0x08000a40   0x00000050   Code   RO         3653    i.DHT11_Check       dht11.o
    0x08000a90   0x08000a90   0x00000024   Code   RO         3654    i.DHT11_IO_IN       dht11.o
    0x08000ab4   0x08000ab4   0x0000002c   Code   RO         3655    i.DHT11_IO_OUT      dht11.o
    0x08000ae0   0x08000ae0   0x0000003c   Code   RO         3656    i.DHT11_Init        dht11.o
    0x08000b1c   0x08000b1c   0x0000004c   Code   RO         3657    i.DHT11_Read_Bit    dht11.o
    0x08000b68   0x08000b68   0x0000001e   Code   RO         3658    i.DHT11_Read_Byte   dht11.o
    0x08000b86   0x08000b86   0x0000006e   Code   RO         3659    i.DHT11_Read_Data   dht11.o
    0x08000bf4   0x08000bf4   0x0000002c   Code   RO         3660    i.DHT11_Reset       dht11.o
    0x08000c20   0x08000c20   0x00000030   Code   RO         3661    i.DHT11_Show        dht11.o
    0x08000c50   0x08000c50   0x00000002   Code   RO         4400    i.DebugMon_Handler  stm32f10x_it.o
    0x08000c52   0x08000c52   0x00000018   Code   RO         3196    i.Delay_ms          delay.o
    0x08000c6a   0x08000c6a   0x00000018   Code   RO         3197    i.Delay_s           delay.o
    0x08000c82   0x08000c82   0x0000002e   Code   RO         3198    i.Delay_us          delay.o
    0x08000cb0   0x08000cb0   0x000000c0   Code   RO         3828    i.Fan_Motor_Auto_ON  control.o
    0x08000d70   0x08000d70   0x00000040   Code   RO         3829    i.Fan_Motor_Manual_OFF  control.o
    0x08000db0   0x08000db0   0x00000024   Code   RO         3830    i.Fan_Motor_Manual_OFF_Unconditional  control.o
    0x08000dd4   0x08000dd4   0x00000044   Code   RO         3831    i.Fan_Motor_Manual_ON  control.o
    0x08000e18   0x08000e18   0x00000050   Code   RO         3832    i.Fan_Motor_Manual_ON_Unconditional  control.o
    0x08000e68   0x08000e68   0x00000116   Code   RO         1224    i.GPIO_Init         stm32f10x_gpio.o
    0x08000f7e   0x08000f7e   0x00000002   PAD
    0x08000f80   0x08000f80   0x00000090   Code   RO         1226    i.GPIO_PinRemapConfig  stm32f10x_gpio.o
    0x08001010   0x08001010   0x00000012   Code   RO         1228    i.GPIO_ReadInputDataBit  stm32f10x_gpio.o
    0x08001022   0x08001022   0x00000004   Code   RO         1231    i.GPIO_ResetBits    stm32f10x_gpio.o
    0x08001026   0x08001026   0x00000004   Code   RO         1232    i.GPIO_SetBits      stm32f10x_gpio.o
    0x0800102a   0x0800102a   0x0000000a   Code   RO         1235    i.GPIO_WriteBit     stm32f10x_gpio.o
    0x08001034   0x08001034   0x0000002e   Code   RO         3738    i.Get_Adc_Average   ad.o
    0x08001062   0x08001062   0x00000002   PAD
    0x08001064   0x08001064   0x00000010   Code   RO         3790    i.HCSR_Get          hc-sr501.o
    0x08001074   0x08001074   0x00000034   Code   RO         3791    i.HCSR_Init         hc-sr501.o
    0x080010a8   0x080010a8   0x00000004   Code   RO         4401    i.HardFault_Handler  stm32f10x_it.o
    0x080010ac   0x080010ac   0x00000068   Code   RO         3833    i.HeatingRelay_Auto_OFF  control.o
    0x08001114   0x08001114   0x00000064   Code   RO         3834    i.HeatingRelay_Auto_ON  control.o
    0x08001178   0x08001178   0x00000034   Code   RO         3835    i.HeatingRelay_Init  control.o
    0x080011ac   0x080011ac   0x00000060   Code   RO         3836    i.HeatingRelay_Manual_OFF  control.o
    0x0800120c   0x0800120c   0x00000060   Code   RO         3837    i.HeatingRelay_Manual_ON  control.o
    0x0800126c   0x0800126c   0x00000168   Code   RO         4040    i.HomeMode          homemode.o
    0x080013d4   0x080013d4   0x00000054   Code   RO         3964    i.Human_Detection   alarmcircuit.o
    0x08001428   0x08001428   0x00000028   Code   RO         3965    i.Humidity_High_Alarm  alarmcircuit.o
    0x08001450   0x08001450   0x00000024   Code   RO         3966    i.Humidity_Low_Alarm  alarmcircuit.o
    0x08001474   0x08001474   0x00000208   Code   RO         3393    i.Key_GetNum        key.o
    0x0800167c   0x0800167c   0x000000a8   Code   RO         3394    i.Key_Init          key.o
    0x08001724   0x08001724   0x0000026c   Code   RO         3395    i.Key_MINUS         key.o
    0x08001990   0x08001990   0x00000110   Code   RO         3396    i.Key_Mode          key.o
    0x08001aa0   0x08001aa0   0x0000083c   Code   RO         3397    i.Key_PLUS          key.o
    0x080022dc   0x080022dc   0x00000674   Code   RO         3398    i.Key_SET           key.o
    0x08002950   0x08002950   0x00000074   Code   RO         3399    i.Key_SetSpeed      key.o
    0x080029c4   0x080029c4   0x0000001c   Code   RO         3253    i.LED1_OFF          led.o
    0x080029e0   0x080029e0   0x0000001c   Code   RO         3254    i.LED1_ON           led.o
    0x080029fc   0x080029fc   0x00000034   Code   RO         3255    i.LED1_Turn         led.o
    0x08002a30   0x08002a30   0x0000001c   Code   RO         3256    i.LED2_OFF          led.o
    0x08002a4c   0x08002a4c   0x0000001c   Code   RO         3257    i.LED2_ON           led.o
    0x08002a68   0x08002a68   0x00000034   Code   RO         3258    i.LED2_Turn         led.o
    0x08002a9c   0x08002a9c   0x0000001c   Code   RO         3259    i.LED3_OFF          led.o
    0x08002ab8   0x08002ab8   0x0000001c   Code   RO         3260    i.LED3_ON           led.o
    0x08002ad4   0x08002ad4   0x00000038   Code   RO         3261    i.LED3_Turn         led.o
    0x08002b0c   0x08002b0c   0x0000001c   Code   RO         3262    i.LED4_OFF          led.o
    0x08002b28   0x08002b28   0x0000001c   Code   RO         3263    i.LED4_ON           led.o
    0x08002b44   0x08002b44   0x00000038   Code   RO         3264    i.LED4_Turn         led.o
    0x08002b7c   0x08002b7c   0x00000014   Code   RO         3265    i.LED5_OFF          led.o
    0x08002b90   0x08002b90   0x00000014   Code   RO         3266    i.LED5_ON           led.o
    0x08002ba4   0x08002ba4   0x0000001c   Code   RO         3267    i.LED5_Turn         led.o
    0x08002bc0   0x08002bc0   0x00000060   Code   RO         3268    i.LED6_Breathing    led.o
    0x08002c20   0x08002c20   0x000000a0   Code   RO         3269    i.LED6_Breathing_Init  led.o
    0x08002cc0   0x08002cc0   0x0000005c   Code   RO         3270    i.LED_Init          led.o
    0x08002d1c   0x08002d1c   0x000001b4   Code   RO         4282    i.LabVIEW_Control_System  labview.o
    0x08002ed0   0x08002ed0   0x000001a0   Code   RO         4283    i.LabVIEW_Receive   labview.o
    0x08003070   0x08003070   0x0000001c   Code   RO         3967    i.Lighting_High_Treatment  alarmcircuit.o
    0x0800308c   0x0800308c   0x0000001c   Code   RO         3968    i.Lighting_Low_Treatment  alarmcircuit.o
    0x080030a8   0x080030a8   0x0000007c   Code   RO         3713    i.MQ2_Get_PPM_Value  mq2.o
    0x08003124   0x08003124   0x00000034   Code   RO         3714    i.MQ2_Get_Voltage_Value  mq2.o
    0x08003158   0x08003158   0x00000004   Code   RO         4402    i.MemManage_Handler  stm32f10x_it.o
    0x0800315c   0x0800315c   0x00000030   Code   RO         4113    i.Motor1_Init       motor.o
    0x0800318c   0x0800318c   0x00000064   Code   RO         4114    i.Motor1_SetSpeed   motor.o
    0x080031f0   0x080031f0   0x00000030   Code   RO         4115    i.Motor2_Init       motor.o
    0x08003220   0x08003220   0x00000064   Code   RO         4116    i.Motor2_SetSpeed   motor.o
    0x08003284   0x08003284   0x000000b0   Code   RO         4088    i.Music_Init        music.o
    0x08003334   0x08003334   0x00000094   Code   RO         4089    i.Music_Show        music.o
    0x080033c8   0x080033c8   0x00000002   Code   RO         4403    i.NMI_Handler       stm32f10x_it.o
    0x080033ca   0x080033ca   0x00000020   Code   RO         4167    i.NVIC_Configuration  usart.o
    0x080033ea   0x080033ea   0x00000002   PAD
    0x080033ec   0x080033ec   0x00000070   Code   RO          137    i.NVIC_Init         misc.o
    0x0800345c   0x0800345c   0x00000014   Code   RO          138    i.NVIC_PriorityGroupConfig  misc.o
    0x08003470   0x08003470   0x0000002a   Code   RO         3472    i.OLED_Clear        oled.o
    0x0800349a   0x0800349a   0x00000002   PAD
    0x0800349c   0x0800349c   0x0000004c   Code   RO         3473    i.OLED_I2C_Init     oled.o
    0x080034e8   0x080034e8   0x00000050   Code   RO         3474    i.OLED_I2C_SendByte  oled.o
    0x08003538   0x08003538   0x00000030   Code   RO         3475    i.OLED_I2C_Start    oled.o
    0x08003568   0x08003568   0x00000028   Code   RO         3476    i.OLED_I2C_Stop     oled.o
    0x08003590   0x08003590   0x000000ae   Code   RO         3477    i.OLED_Init         oled.o
    0x0800363e   0x0800363e   0x00000014   Code   RO         3478    i.OLED_Pow          oled.o
    0x08003652   0x08003652   0x00000022   Code   RO         3479    i.OLED_SetCursor    oled.o
    0x08003674   0x08003674   0x00000074   Code   RO         3481    i.OLED_ShowChar     oled.o
    0x080036e8   0x080036e8   0x00000068   Code   RO         3482    i.OLED_ShowCommunicationParameters  oled.o
    0x08003750   0x08003750   0x00000054   Code   RO         3483    i.OLED_ShowDevice   oled.o
    0x080037a4   0x080037a4   0x0000008c   Code   RO         3484    i.OLED_ShowDeviceStatus  oled.o
    0x08003830   0x08003830   0x00000108   Code   RO         3485    i.OLED_ShowEnvir    oled.o
    0x08003938   0x08003938   0x000000c4   Code   RO         3486    i.OLED_ShowEnvironmentalThresholds1  oled.o
    0x080039fc   0x080039fc   0x00000098   Code   RO         3487    i.OLED_ShowEnvironmentalThresholds2  oled.o
    0x08003a94   0x08003a94   0x00000048   Code   RO         3488    i.OLED_ShowFamilymMode  oled.o
    0x08003adc   0x08003adc   0x0000004c   Code   RO         3490    i.OLED_ShowHomeMode  oled.o
    0x08003b28   0x08003b28   0x0000004c   Code   RO         3491    i.OLED_ShowLED      oled.o
    0x08003b74   0x08003b74   0x000000e4   Code   RO         3492    i.OLED_ShowLEDStatus  oled.o
    0x08003c58   0x08003c58   0x00000044   Code   RO         3493    i.OLED_ShowNum      oled.o
    0x08003c9c   0x08003c9c   0x00000060   Code   RO         3495    i.OLED_ShowSleepMode  oled.o
    0x08003cfc   0x08003cfc   0x00000028   Code   RO         3496    i.OLED_ShowString   oled.o
    0x08003d24   0x08003d24   0x00000034   Code   RO         3497    i.OLED_ShowWakeupMode  oled.o
    0x08003d58   0x08003d58   0x00000020   Code   RO         3498    i.OLED_WriteCommand  oled.o
    0x08003d78   0x08003d78   0x00000020   Code   RO         3499    i.OLED_WriteData    oled.o
    0x08003d98   0x08003d98   0x0000009c   Code   RO         4117    i.PWM1_Init         motor.o
    0x08003e34   0x08003e34   0x00000010   Code   RO         4118    i.PWM1_SetCompare3  motor.o
    0x08003e44   0x08003e44   0x0000009c   Code   RO         4119    i.PWM2_Init         motor.o
    0x08003ee0   0x08003ee0   0x00000010   Code   RO         4120    i.PWM2_SetCompare4  motor.o
    0x08003ef0   0x08003ef0   0x00000014   Code   RO         4302    i.PWM3_SetCompare2  servo.o
    0x08003f04   0x08003f04   0x00000014   Code   RO         3271    i.PWM_SetCompare3   led.o
    0x08003f18   0x08003f18   0x00000002   Code   RO         4404    i.PendSV_Handler    stm32f10x_it.o
    0x08003f1a   0x08003f1a   0x00000002   PAD
    0x08003f1c   0x08003f1c   0x00000018   Code   RO         1773    i.RCC_ADCCLKConfig  stm32f10x_rcc.o
    0x08003f34   0x08003f34   0x00000020   Code   RO         1775    i.RCC_APB1PeriphClockCmd  stm32f10x_rcc.o
    0x08003f54   0x08003f54   0x00000020   Code   RO         1776    i.RCC_APB1PeriphResetCmd  stm32f10x_rcc.o
    0x08003f74   0x08003f74   0x00000020   Code   RO         1777    i.RCC_APB2PeriphClockCmd  stm32f10x_rcc.o
    0x08003f94   0x08003f94   0x00000020   Code   RO         1778    i.RCC_APB2PeriphResetCmd  stm32f10x_rcc.o
    0x08003fb4   0x08003fb4   0x000000d4   Code   RO         1785    i.RCC_GetClocksFreq  stm32f10x_rcc.o
    0x08004088   0x08004088   0x00000054   Code   RO         3272    i.Running_Water_Light  led.o
    0x080040dc   0x080040dc   0x00000002   Code   RO         4405    i.SVC_Handler       stm32f10x_it.o
    0x080040de   0x080040de   0x00000002   PAD
    0x080040e0   0x080040e0   0x000000a0   Code   RO         4303    i.Servo_Init        servo.o
    0x08004180   0x08004180   0x0000003c   Code   RO         4304    i.Servo_SetAngle    servo.o
    0x080041bc   0x080041bc   0x00000008   Code   RO           24    i.SetSysClock       system_stm32f10x.o
    0x080041c4   0x080041c4   0x000000e0   Code   RO           25    i.SetSysClockTo72   system_stm32f10x.o
    0x080042a4   0x080042a4   0x0000001c   Code   RO         4090    i.Set_PWM           music.o
    0x080042c0   0x080042c0   0x00000130   Code   RO         4056    i.SleepMode         sleepmode.o
    0x080043f0   0x080043f0   0x00000020   Code   RO         3969    i.Smoke_High_Alarm  alarmcircuit.o
    0x08004410   0x08004410   0x00000002   Code   RO         4406    i.SysTick_Handler   stm32f10x_it.o
    0x08004412   0x08004412   0x00000002   PAD
    0x08004414   0x08004414   0x00000060   Code   RO           27    i.SystemInit        system_stm32f10x.o
    0x08004474   0x08004474   0x00000018   Code   RO         2421    i.TIM_Cmd           stm32f10x_tim.o
    0x0800448c   0x0800448c   0x0000000c   Code   RO         2448    i.TIM_InternalClockConfig  stm32f10x_tim.o
    0x08004498   0x08004498   0x000000a4   Code   RO         2455    i.TIM_OC2Init       stm32f10x_tim.o
    0x0800453c   0x0800453c   0x000000a0   Code   RO         2460    i.TIM_OC3Init       stm32f10x_tim.o
    0x080045dc   0x080045dc   0x0000007c   Code   RO         2465    i.TIM_OC4Init       stm32f10x_tim.o
    0x08004658   0x08004658   0x0000001a   Code   RO         2467    i.TIM_OC4PreloadConfig  stm32f10x_tim.o
    0x08004672   0x08004672   0x00000014   Code   RO         2468    i.TIM_OCStructInit  stm32f10x_tim.o
    0x08004686   0x08004686   0x00000004   Code   RO         2480    i.TIM_SetAutoreload  stm32f10x_tim.o
    0x0800468a   0x0800468a   0x00000004   Code   RO         2483    i.TIM_SetCompare2   stm32f10x_tim.o
    0x0800468e   0x0800468e   0x00000004   Code   RO         2484    i.TIM_SetCompare3   stm32f10x_tim.o
    0x08004692   0x08004692   0x00000006   Code   RO         2485    i.TIM_SetCompare4   stm32f10x_tim.o
    0x08004698   0x08004698   0x000000a4   Code   RO         2492    i.TIM_TimeBaseInit  stm32f10x_tim.o
    0x0800473c   0x0800473c   0x00000028   Code   RO         3970    i.Temperature_High_Alarm  alarmcircuit.o
    0x08004764   0x08004764   0x00000024   Code   RO         3971    i.Temperature_Low_Alarm  alarmcircuit.o
    0x08004788   0x08004788   0x00000074   Code   RO         4168    i.USART1_Init       usart.o
    0x080047fc   0x080047fc   0x00000020   Code   RO         4171    i.USART1_SendByte   usart.o
    0x0800481c   0x0800481c   0x0000003a   Code   RO         4172    i.USART1_SendNumber  usart.o
    0x08004856   0x08004856   0x0000001a   Code   RO         4173    i.USART1_SendString  usart.o
    0x08004870   0x08004870   0x00000008   Code   RO         4174    i.USART3_IRQHandler  usart.o
    0x08004878   0x08004878   0x000000a4   Code   RO         4175    i.USART3_Init       usart.o
    0x0800491c   0x0800491c   0x00000020   Code   RO         4178    i.USART3_SendByte   usart.o
    0x0800493c   0x0800493c   0x0000001e   Code   RO         2957    i.USART_ClearITPendingBit  stm32f10x_usart.o
    0x0800495a   0x0800495a   0x00000018   Code   RO         2960    i.USART_Cmd         stm32f10x_usart.o
    0x08004972   0x08004972   0x00000002   PAD
    0x08004974   0x08004974   0x0000009c   Code   RO         2962    i.USART_DeInit      stm32f10x_usart.o
    0x08004a10   0x08004a10   0x0000001a   Code   RO         2963    i.USART_GetFlagStatus  stm32f10x_usart.o
    0x08004a2a   0x08004a2a   0x00000054   Code   RO         2964    i.USART_GetITStatus  stm32f10x_usart.o
    0x08004a7e   0x08004a7e   0x0000004a   Code   RO         2966    i.USART_ITConfig    stm32f10x_usart.o
    0x08004ac8   0x08004ac8   0x000000d8   Code   RO         2967    i.USART_Init        stm32f10x_usart.o
    0x08004ba0   0x08004ba0   0x00000014   Code   RO         4181    i.USART_Pow         usart.o
    0x08004bb4   0x08004bb4   0x0000000a   Code   RO         2974    i.USART_ReceiveData  stm32f10x_usart.o
    0x08004bbe   0x08004bbe   0x00000008   Code   RO         2977    i.USART_SendData    stm32f10x_usart.o
    0x08004bc6   0x08004bc6   0x00000004   Code   RO         4407    i.UsageFault_Handler  stm32f10x_it.o
    0x08004bca   0x08004bca   0x00000002   PAD
    0x08004bcc   0x08004bcc   0x00000094   Code   RO         4075    i.WakeupMode        wakeupmode.o
    0x08004c60   0x08004c60   0x00000068   Code   RO         3838    i.WettingRelay_Auto_OFF  control.o
    0x08004cc8   0x08004cc8   0x00000064   Code   RO         3839    i.WettingRelay_Auto_ON  control.o
    0x08004d2c   0x08004d2c   0x00000034   Code   RO         3840    i.WettingRelay_Init  control.o
    0x08004d60   0x08004d60   0x00000060   Code   RO         3841    i.WettingRelay_Manual_OFF  control.o
    0x08004dc0   0x08004dc0   0x00000060   Code   RO         3842    i.WettingRelay_Manual_ON  control.o
    0x08004e20   0x08004e20   0x000000a0   Code   RO         3808    i.YH_LDR_Get_LUX_Value  yh-ldr.o
    0x08004ec0   0x08004ec0   0x00000028   Code   RO         4651    i.__ARM_fpclassify  m_ws.l(fpclassify.o)
    0x08004ee8   0x08004ee8   0x000000aa   Code   RO         4653    i.__kernel_poly     m_ws.l(poly.o)
    0x08004f92   0x08004f92   0x00000002   PAD
    0x08004f94   0x08004f94   0x00000010   Code   RO         4637    i.__mathlib_dbl_divzero  m_ws.l(dunder.o)
    0x08004fa4   0x08004fa4   0x00000004   Code   RO         4639    i.__mathlib_dbl_infnan2  m_ws.l(dunder.o)
    0x08004fa8   0x08004fa8   0x0000000c   Code   RO         4640    i.__mathlib_dbl_invalid  m_ws.l(dunder.o)
    0x08004fb4   0x08004fb4   0x0000000e   Code   RO         4641    i.__mathlib_dbl_overflow  m_ws.l(dunder.o)
    0x08004fc2   0x08004fc2   0x00000002   PAD
    0x08004fc4   0x08004fc4   0x00000010   Code   RO         4643    i.__mathlib_dbl_underflow  m_ws.l(dunder.o)
    0x08004fd4   0x08004fd4   0x000000e0   Code   RO         4326    i.main              main.o
    0x080050b4   0x080050b4   0x000009d8   Code   RO         4509    i.pow               m_ws.l(pow.o)
    0x08005a8c   0x08005a8c   0x0000004c   Code   RO         4657    i.sqrt              m_ws.l(sqrt.o)
    0x08005ad8   0x08005ad8   0x00000062   Code   RO         4470    x$fpl$d2f           fz_ws.l(d2f.o)
    0x08005b3a   0x08005b3a   0x00000002   PAD
    0x08005b3c   0x08005b3c   0x00000150   Code   RO         4472    x$fpl$dadd          fz_ws.l(daddsub_clz.o)
    0x08005c8c   0x08005c8c   0x00000010   Code   RO         4702    x$fpl$dcheck1       fz_ws.l(dcheck1.o)
    0x08005c9c   0x08005c9c   0x00000018   Code   RO         4758    x$fpl$dcmpinf       fz_ws.l(dcmpi.o)
    0x08005cb4   0x08005cb4   0x000002b0   Code   RO         4613    x$fpl$ddiv          fz_ws.l(ddiv.o)
    0x08005f64   0x08005f64   0x0000005a   Code   RO         4478    x$fpl$dfixu         fz_ws.l(dfixu.o)
    0x08005fbe   0x08005fbe   0x0000002e   Code   RO         4483    x$fpl$dflt          fz_ws.l(dflt_clz.o)
    0x08005fec   0x08005fec   0x00000026   Code   RO         4482    x$fpl$dfltu         fz_ws.l(dflt_clz.o)
    0x08006012   0x08006012   0x00000002   PAD
    0x08006014   0x08006014   0x00000078   Code   RO         4704    x$fpl$dleqf         fz_ws.l(dleqf.o)
    0x0800608c   0x0800608c   0x00000154   Code   RO         4488    x$fpl$dmul          fz_ws.l(dmul.o)
    0x080061e0   0x080061e0   0x0000009c   Code   RO         4616    x$fpl$dnaninf       fz_ws.l(dnaninf.o)
    0x0800627c   0x0800627c   0x0000000c   Code   RO         4618    x$fpl$dretinf       fz_ws.l(dretinf.o)
    0x08006288   0x08006288   0x0000006c   Code   RO         4620    x$fpl$drleqf        fz_ws.l(drleqf.o)
    0x080062f4   0x080062f4   0x00000016   Code   RO         4473    x$fpl$drsb          fz_ws.l(daddsub_clz.o)
    0x0800630a   0x0800630a   0x00000002   PAD
    0x0800630c   0x0800630c   0x000001cc   Code   RO         4706    x$fpl$dsqrt         fz_ws.l(dsqrt_noumaal.o)
    0x080064d8   0x080064d8   0x000001d4   Code   RO         4474    x$fpl$dsub          fz_ws.l(daddsub_clz.o)
    0x080066ac   0x080066ac   0x00000056   Code   RO         4490    x$fpl$f2d           fz_ws.l(f2d.o)
    0x08006702   0x08006702   0x00000002   PAD
    0x08006704   0x08006704   0x000000c4   Code   RO         4492    x$fpl$fadd          fz_ws.l(faddsub_clz.o)
    0x080067c8   0x080067c8   0x00000184   Code   RO         4499    x$fpl$fdiv          fz_ws.l(fdiv.o)
    0x0800694c   0x0800694c   0x0000003e   Code   RO         4502    x$fpl$ffixu         fz_ws.l(ffixu.o)
    0x0800698a   0x0800698a   0x00000002   PAD
    0x0800698c   0x0800698c   0x00000102   Code   RO         4506    x$fpl$fmul          fz_ws.l(fmul.o)
    0x08006a8e   0x08006a8e   0x0000008c   Code   RO         4622    x$fpl$fnaninf       fz_ws.l(fnaninf.o)
    0x08006b1a   0x08006b1a   0x0000000a   Code   RO         4624    x$fpl$fretinf       fz_ws.l(fretinf.o)
    0x08006b24   0x08006b24   0x000000ea   Code   RO         4494    x$fpl$fsub          fz_ws.l(faddsub_clz.o)
    0x08006c0e   0x08006c0e   0x00000064   Code   RO         4762    x$fpl$retnan        fz_ws.l(retnan.o)
    0x08006c72   0x08006c72   0x0000005c   Code   RO         4634    x$fpl$scalbn        fz_ws.l(scalbn.o)
    0x08006cce   0x08006cce   0x00000030   Code   RO         4816    x$fpl$trapveneer    fz_ws.l(trapv.o)
    0x08006cfe   0x08006cfe   0x00000000   Code   RO         4636    x$fpl$usenofp       fz_ws.l(usenofp.o)
    0x08006cfe   0x08006cfe   0x000005f0   Data   RO         3500    .constdata          oled.o
    0x080072ee   0x080072ee   0x0000005c   Data   RO         4327    .constdata          main.o
    0x0800734a   0x0800734a   0x00000006   PAD
    0x08007350   0x08007350   0x00000088   Data   RO         4510    .constdata          m_ws.l(pow.o)
    0x080073d8   0x080073d8   0x00000008   Data   RO         4655    .constdata          m_ws.l(qnan.o)
    0x080073e0   0x080073e0   0x00000020   Data   RO         4895    Region$$Table       anon$$obj.o


    Execution Region RW_IRAM1 (Exec base: 0x20000000, Load base: 0x08007400, Size: 0x000006b8, Max: 0x00005000, ABSOLUTE)

    Exec Addr    Load Addr    Size         Type   Attr      Idx    E Section Name        Object

    0x20000000   0x08007400   0x00000014   Data   RW         1805    .data               stm32f10x_rcc.o
    0x20000014   0x08007414   0x00000001   Data   RW         4284    .data               labview.o
    0x20000015   0x08007415   0x00000003   PAD
    0x20000018   0x08007418   0x0000003c   Data   RW         4328    .data               main.o
    0x20000054        -       0x00000060   Zero   RW         4709    .bss                c_w.l(libspace.o)
    0x200000b4   0x08007454   0x00000004   PAD
    0x200000b8        -       0x00000200   Zero   RW            2    HEAP                startup_stm32f10x_md.o
    0x200002b8        -       0x00000400   Zero   RW            1    STACK               startup_stm32f10x_md.o


==============================================================================

Image component sizes


      Code (inc. data)   RO Data    RW Data    ZI Data      Debug   Object Name

       254         16          0          0          0       1830   ad.o
       972        388          0          0          0       4756   alarmcircuit.o
       120         16          0          0          0       1853   beep.o
      1916        494          0          0          0      10973   control.o
         0          0          0          0          0       4508   core_cm3.o
        94          0          0          0          0       1480   delay.o
       528         56          0          0          0       5536   dht11.o
        68         10          0          0          0        983   hc-sr501.o
       360         70          0          0          0        683   homemode.o
      5456        306          0          0          0       7055   key.o
       852         60          0          1          0       1411   labview.o
      1020        154          0          0          0      10530   led.o
       224         30         92         60          0       3532   main.o
       132         22          0          0          0     213939   misc.o
       640         26          0          0          0       4514   motor.o
       176         46          0          0          0        968   mq2.o
       352         38          0          0          0       1720   music.o
      2342        528       1520          0          0      14101   oled.o
       240         30          0          0          0       1709   servo.o
       304         80          0          0          0        632   sleepmode.o
        64         26        236          0       1536        836   startup_stm32f10x_md.o
       394         10          0          0          0      18661   stm32f10x_adc.o
       458          6          0          0          0      13354   stm32f10x_gpio.o
        26          0          0          0          0       3990   stm32f10x_it.o
       364         50          0         20          0      14811   stm32f10x_rcc.o
       712         72          0          0          0      27873   stm32f10x_tim.o
       628         28          0          0          0      13354   stm32f10x_usart.o
       328         28          0          0          0      45437   system_stm32f10x.o
       488         28          0          0          0       5145   usart.o
       148         44          0          0          0        541   wakeupmode.o
       160         40          0          0          0        499   yh-ldr.o

    ----------------------------------------------------------------------
     19842       2702       1886         84       1536     437214   Object Totals
         0          0         32          0          0          0   (incl. Generated)
        22          0          6          3          0          0   (incl. Padding)

    ----------------------------------------------------------------------

      Code (inc. data)   RO Data    RW Data    ZI Data      Debug   Library Member Name

         8          0          0          0          0         68   __main.o
         0          0          0          0          0          0   __rtentry.o
        12          0          0          0          0          0   __rtentry2.o
         6          0          0          0          0          0   __rtentry4.o
        52          8          0          0          0          0   __scatter.o
        26          0          0          0          0          0   __scatter_copy.o
        28          0          0          0          0          0   __scatter_zi.o
        22          0          0          0          0        100   _rserrno.o
        18          0          0          0          0         80   exit.o
         6          0          0          0          0        152   heapauxi.o
         0          0          0          0          0          0   indicate_semi.o
         2          0          0          0          0          0   libinit.o
         2          0          0          0          0          0   libinit2.o
         2          0          0          0          0          0   libshutdown.o
         2          0          0          0          0          0   libshutdown2.o
         8          4          0          0         96         68   libspace.o
         8          4          0          0          0         68   rt_errno_addr_intlibspace.o
         2          0          0          0          0          0   rtexit.o
        10          0          0          0          0          0   rtexit2.o
        12          4          0          0          0         68   sys_exit.o
        74          0          0          0          0         80   sys_stackheap_outer.o
         2          0          0          0          0         68   use_no_semi.o
        98          4          0          0          0         92   d2f.o
       826         16          0          0          0        348   daddsub_clz.o
        16          4          0          0          0         68   dcheck1.o
        24          0          0          0          0         68   dcmpi.o
       688        140          0          0          0        208   ddiv.o
        90          4          0          0          0         92   dfixu.o
        84          0          0          0          0        136   dflt_clz.o
       120          4          0          0          0         92   dleqf.o
       340         12          0          0          0        104   dmul.o
       156          4          0          0          0         92   dnaninf.o
        12          0          0          0          0         68   dretinf.o
       108          0          0          0          0         80   drleqf.o
       460         56          0          0          0        120   dsqrt_noumaal.o
        86          4          0          0          0         84   f2d.o
       430          8          0          0          0        168   faddsub_clz.o
       388         76          0          0          0         96   fdiv.o
        62          4          0          0          0         84   ffixu.o
       258          4          0          0          0         84   fmul.o
       140          4          0          0          0         84   fnaninf.o
        10          0          0          0          0         68   fretinf.o
       100          0          0          0          0         68   retnan.o
        92          0          0          0          0         68   scalbn.o
        48          0          0          0          0         68   trapv.o
         0          0          0          0          0          0   usenofp.o
        62         10          0          0          0        340   dunder.o
        40          0          0          0          0         68   fpclassify.o
       170          0          0          0          0         96   poly.o
      2520        190        136          0          0        324   pow.o
         0          0          8          0          0          0   qnan.o
        76          0          0          0          0         84   sqrt.o

    ----------------------------------------------------------------------
      7824        564        144          0        100       4104   Library Totals
        18          0          0          0          4          0   (incl. Padding)

    ----------------------------------------------------------------------

      Code (inc. data)   RO Data    RW Data    ZI Data      Debug   Library Name

       302         20          0          0         96        752   c_w.l
      4636        344          0          0          0       2440   fz_ws.l
      2868        200        144          0          0        912   m_ws.l

    ----------------------------------------------------------------------
      7824        564        144          0        100       4104   Library Totals

    ----------------------------------------------------------------------

==============================================================================


      Code (inc. data)   RO Data    RW Data    ZI Data      Debug   

     27666       3266       2030         84       1636     429302   Grand Totals
     27666       3266       2030         84       1636     429302   ELF Image Totals
     27666       3266       2030         84          0          0   ROM Totals

==============================================================================

    Total RO  Size (Code + RO Data)                29696 (  29.00kB)
    Total RW  Size (RW Data + ZI Data)              1720 (   1.68kB)
    Total ROM Size (Code + RO Data + RW Data)      29780 (  29.08kB)

==============================================================================

